Archive member included to satisfy reference by file (symbol)

c:/program files (x86)/atmel/studio/7.0/toolchain/arm/arm-gnu-toolchain/bin/../lib/gcc/arm-none-eabi/6.3.1/thumb/v6-m\libgcc.a(_udivsi3.o)
                              src/ASF/common2/services/delay/sam0/systick_counter.o (__aeabi_uidiv)
c:/program files (x86)/atmel/studio/7.0/toolchain/arm/arm-gnu-toolchain/bin/../lib/gcc/arm-none-eabi/6.3.1/thumb/v6-m\libgcc.a(_divsi3.o)
                              src/ASF/thirdparty/fatfs/fatfs-r0.09/src/ff.o (__aeabi_idiv)
c:/program files (x86)/atmel/studio/7.0/toolchain/arm/arm-gnu-toolchain/bin/../lib/gcc/arm-none-eabi/6.3.1/thumb/v6-m\libgcc.a(_dvmd_tls.o)
                              c:/program files (x86)/atmel/studio/7.0/toolchain/arm/arm-gnu-toolchain/bin/../lib/gcc/arm-none-eabi/6.3.1/thumb/v6-m\libgcc.a(_udivsi3.o) (__aeabi_idiv0)
c:/program files (x86)/atmel/studio/7.0/toolchain/arm/arm-gnu-toolchain/bin/../lib/gcc/arm-none-eabi/6.3.1/thumb/v6-m\libgcc.a(_muldi3.o)
                              src/ASF/sam0/drivers/sercom/sercom.o (__aeabi_lmul)
c:/program files (x86)/atmel/studio/7.0/toolchain/arm/arm-gnu-toolchain/bin/../lib/gcc/arm-none-eabi/6.3.1/thumb/v6-m\libgcc.a(adddf3.o)
                              src/ASF/sam0/drivers/sercom/i2c/i2c_sam0/i2c_master.o (__aeabi_dadd)
c:/program files (x86)/atmel/studio/7.0/toolchain/arm/arm-gnu-toolchain/bin/../lib/gcc/arm-none-eabi/6.3.1/thumb/v6-m\libgcc.a(divdf3.o)
                              src/ASF/sam0/drivers/sercom/i2c/i2c_sam0/i2c_master.o (__aeabi_ddiv)
c:/program files (x86)/atmel/studio/7.0/toolchain/arm/arm-gnu-toolchain/bin/../lib/gcc/arm-none-eabi/6.3.1/thumb/v6-m\libgcc.a(muldf3.o)
                              src/ASF/sam0/drivers/sercom/i2c/i2c_sam0/i2c_master.o (__aeabi_dmul)
c:/program files (x86)/atmel/studio/7.0/toolchain/arm/arm-gnu-toolchain/bin/../lib/gcc/arm-none-eabi/6.3.1/thumb/v6-m\libgcc.a(subdf3.o)
                              src/ASF/sam0/drivers/sercom/i2c/i2c_sam0/i2c_master.o (__aeabi_dsub)
c:/program files (x86)/atmel/studio/7.0/toolchain/arm/arm-gnu-toolchain/bin/../lib/gcc/arm-none-eabi/6.3.1/thumb/v6-m\libgcc.a(fixdfsi.o)
                              src/ASF/sam0/drivers/sercom/i2c/i2c_sam0/i2c_master.o (__aeabi_d2iz)
c:/program files (x86)/atmel/studio/7.0/toolchain/arm/arm-gnu-toolchain/bin/../lib/gcc/arm-none-eabi/6.3.1/thumb/v6-m\libgcc.a(floatunsidf.o)
                              src/ASF/sam0/drivers/sercom/i2c/i2c_sam0/i2c_master.o (__aeabi_ui2d)
c:/program files (x86)/atmel/studio/7.0/toolchain/arm/arm-gnu-toolchain/bin/../lib/gcc/arm-none-eabi/6.3.1/thumb/v6-m\libgcc.a(_clzsi2.o)
                              c:/program files (x86)/atmel/studio/7.0/toolchain/arm/arm-gnu-toolchain/bin/../lib/gcc/arm-none-eabi/6.3.1/thumb/v6-m\libgcc.a(adddf3.o) (__clzsi2)
c:/program files (x86)/atmel/studio/7.0/toolchain/arm/arm-gnu-toolchain/bin/../lib/gcc/arm-none-eabi/6.3.1/../../../../arm-none-eabi/lib/thumb/v6-m\libc_nano.a(lib_a-exit.o)
                              c:/program files (x86)/atmel/studio/7.0/toolchain/arm/arm-gnu-toolchain/bin/../lib/gcc/arm-none-eabi/6.3.1/../../../../arm-none-eabi/lib/thumb/v6-m/crt0.o (exit)
c:/program files (x86)/atmel/studio/7.0/toolchain/arm/arm-gnu-toolchain/bin/../lib/gcc/arm-none-eabi/6.3.1/../../../../arm-none-eabi/lib/thumb/v6-m\libc_nano.a(lib_a-impure.o)
                              c:/program files (x86)/atmel/studio/7.0/toolchain/arm/arm-gnu-toolchain/bin/../lib/gcc/arm-none-eabi/6.3.1/../../../../arm-none-eabi/lib/thumb/v6-m\libc_nano.a(lib_a-exit.o) (_global_impure_ptr)
c:/program files (x86)/atmel/studio/7.0/toolchain/arm/arm-gnu-toolchain/bin/../lib/gcc/arm-none-eabi/6.3.1/../../../../arm-none-eabi/lib/thumb/v6-m\libc_nano.a(lib_a-init.o)
                              c:/program files (x86)/atmel/studio/7.0/toolchain/arm/arm-gnu-toolchain/bin/../lib/gcc/arm-none-eabi/6.3.1/../../../../arm-none-eabi/lib/thumb/v6-m/crt0.o (__libc_init_array)
c:/program files (x86)/atmel/studio/7.0/toolchain/arm/arm-gnu-toolchain/bin/../lib/gcc/arm-none-eabi/6.3.1/../../../../arm-none-eabi/lib/thumb/v6-m\libc_nano.a(lib_a-malloc.o)
                              src/SerialConsole/circular_buffer.o (malloc)
c:/program files (x86)/atmel/studio/7.0/toolchain/arm/arm-gnu-toolchain/bin/../lib/gcc/arm-none-eabi/6.3.1/../../../../arm-none-eabi/lib/thumb/v6-m\libc_nano.a(lib_a-memcpy-stub.o)
                              src/ASF/thirdparty/fatfs/fatfs-port-r0.09/diskio.o (memcpy)
c:/program files (x86)/atmel/studio/7.0/toolchain/arm/arm-gnu-toolchain/bin/../lib/gcc/arm-none-eabi/6.3.1/../../../../arm-none-eabi/lib/thumb/v6-m\libc_nano.a(lib_a-memset.o)
                              c:/program files (x86)/atmel/studio/7.0/toolchain/arm/arm-gnu-toolchain/bin/../lib/gcc/arm-none-eabi/6.3.1/../../../../arm-none-eabi/lib/thumb/v6-m/crt0.o (memset)
[...]
Memory Configuration

Name             Origin             Length             Attributes
rom              0x00000000         0x00040000         xr
ram              0x20000000         0x00008000         xrw
*default*        0x00000000         0xffffffff

Linker script and memory map

LOAD c:/program files (x86)/atmel/studio/7.0/toolchain/arm/arm-gnu-toolchain/bin/../lib/gcc/arm-none-eabi/6.3.1/thumb/v6-m/crti.o
LOAD c:/program files (x86)/atmel/studio/7.0/toolchain/arm/arm-gnu-toolchain/bin/../lib/gcc/arm-none-eabi/6.3.1/thumb/v6-m/crtbegin.o
LOAD c:/program files (x86)/atmel/studio/7.0/toolchain/arm/arm-gnu-toolchain/bin/../lib/gcc/arm-none-eabi/6.3.1/../../../../arm-none-eabi/lib/thumb/v6-m/crt0.o
LOAD src/ASF/common2/services/delay/sam0/systick_counter.o
LOAD src/Systick/Systick.o
LOAD src/ASF/common/services/crc32/crc32.o
LOAD src/ASF/sam0/boards/board_init.o
LOAD src/ASF/sam0/drivers/dsu/crc32/crc32.o
LOAD src/ASF/sam0/drivers/nvm/nvm.o
LOAD src/ASF/sam0/drivers/pac/pac_sam_d_r_h/pac.o
LOAD src/ASF/sam0/drivers/sercom/i2c/i2c_sam0/i2c_master.o
LOAD src/SD Card/SdCard.o
LOAD src/SerialConsole/circular_buffer.o
LOAD src/SerialConsole/SerialConsole.o
LOAD src/ASF/common2/components/memory/sd_mmc/sd_mmc.o
LOAD src/ASF/common2/components/memory/sd_mmc/sd_mmc_mem.o
LOAD src/ASF/common2/components/memory/sd_mmc/sd_mmc_spi.o
LOAD src/ASF/common/services/storage/ctrl_access/ctrl_access.o
LOAD src/ASF/common/utils/interrupt/interrupt_sam_nvic.o
LOAD src/ASF/sam0/drivers/port/port.o
LOAD src/ASF/sam0/drivers/rtc/rtc_sam_d_r_h/rtc_calendar.o
LOAD src/ASF/sam0/drivers/sercom/sercom.o
LOAD src/ASF/sam0/drivers/sercom/sercom_interrupt.o
LOAD src/ASF/sam0/drivers/sercom/spi/spi.o
LOAD src/ASF/sam0/drivers/sercom/spi/spi_interrupt.o
LOAD src/ASF/sam0/drivers/sercom/usart/usart.o
LOAD src/ASF/sam0/drivers/sercom/usart/usart_interrupt.o
LOAD src/ASF/sam0/drivers/system/clock/clock_samd21_r21_da_ha1/clock.o
LOAD src/ASF/sam0/drivers/system/clock/clock_samd21_r21_da_ha1/gclk.o
LOAD src/ASF/sam0/drivers/system/interrupt/system_interrupt.o
LOAD src/ASF/sam0/drivers/system/pinmux/pinmux.o
LOAD src/ASF/sam0/drivers/system/system.o
LOAD src/ASF/sam0/utils/cmsis/samd21/source/gcc/startup_samd21.o
LOAD src/ASF/sam0/utils/cmsis/samd21/source/system_samd21.o
LOAD src/ASF/sam0/utils/stdio/read.o
LOAD src/ASF/sam0/utils/stdio/write.o
LOAD src/ASF/sam0/utils/syscalls/gcc/syscalls.o
LOAD src/ASF/thirdparty/fatfs/fatfs-port-r0.09/diskio.o
LOAD src/ASF/thirdparty/fatfs/fatfs-port-r0.09/sam0/fattime_rtc.o
LOAD src/ASF/thirdparty/fatfs/fatfs-r0.09/src/ff.o
LOAD src/ASF/thirdparty/fatfs/fatfs-r0.09/src/option/ccsbcs.o
LOAD src/BootMain.o
START GROUP
LOAD ../src/ASF/thirdparty/CMSIS/Lib/GCC\libarm_cortexM0l_math.a
LOAD c:/program files (x86)/atmel/studio/7.0/toolchain/arm/arm-gnu-toolchain/bin/../lib/gcc/arm-none-eabi/6.3.1/../../../../arm-none-eabi/lib/thumb/v6-m\libm.a
END GROUP
                0x00002000                __stack_size__ = 0x2000
START GROUP
LOAD c:/program files (x86)/atmel/studio/7.0/toolchain/arm/arm-gnu-toolchain/bin/../lib/gcc/arm-none-eabi/6.3.1/thumb/v6-m\libgcc.a
LOAD c:/program files (x86)/atmel/studio/7.0/toolchain/arm/arm-gnu-toolchain/bin/../lib/gcc/arm-none-eabi/6.3.1/../../../../arm-none-eabi/lib/thumb/v6-m\libc_nano.a
END GROUP
START GROUP
LOAD c:/program files (x86)/atmel/studio/7.0/toolchain/arm/arm-gnu-toolchain/bin/../lib/gcc/arm-none-eabi/6.3.1/thumb/v6-m\libgcc.a
LOAD c:/program files (x86)/atmel/studio/7.0/toolchain/arm/arm-gnu-toolchain/bin/../lib/gcc/arm-none-eabi/6.3.1/../../../../arm-none-eabi/lib/thumb/v6-m\libc_nano.a
END GROUP
LOAD c:/program files (x86)/atmel/studio/7.0/toolchain/arm/arm-gnu-toolchain/bin/../lib/gcc/arm-none-eabi/6.3.1/thumb/v6-m/crtend.o
LOAD c:/program files (x86)/atmel/studio/7.0/toolchain/arm/arm-gnu-toolchain/bin/../lib/gcc/arm-none-eabi/6.3.1/thumb/v6-m/crtn.o
                0x00002000                STACK_SIZE = DEFINED (STACK_SIZE)?STACK_SIZE:DEFINED (__stack_size__)?__stack_size__:0x2000

.text           0x00000000     0x4f74
                0x00000000                . = ALIGN (0x4)
                0x00000000                _sfixed = .
 *(.vectors .vectors.*)
 .vectors       0x00000000       0xb4 src/ASF/sam0/utils/cmsis/samd21/source/gcc/startup_samd21.o
                0x00000000                exception_table
 *(.text .text.* .gnu.linkonce.t.*)
 .text          0x000000b4       0x60 c:/program files (x86)/atmel/studio/7.0/toolchain/arm/arm-gnu-toolchain/bin/../lib/gcc/arm-none-eabi/6.3.1/thumb/v6-m/crtbegin.o
 .text.delay_cycles
                0x00000114       0x34 src/ASF/common2/services/delay/sam0/systick_counter.o
 .text.delay_init
                0x00000148       0x58 src/ASF/common2/services/delay/sam0/systick_counter.o
                0x00000148                delay_init
 .text.delay_cycles_ms
                0x000001a0       0x30 src/ASF/common2/services/delay/sam0/systick_counter.o
                0x000001a0                delay_cycles_ms
 .text.SysTick_Handler
                0x000001d0       0x18 src/Systick/Systick.o
                0x000001d0                SysTick_Handler
 .text.system_pinmux_get_group_from_gpio_pin
                0x000001e8       0x60 src/ASF/sam0/boards/board_init.o
 .text.port_get_group_from_gpio_pin
                0x00000248       0x24 src/ASF/sam0/boards/board_init.o
 .text.port_get_config_defaults
                0x0000026c       0x22 src/ASF/sam0/boards/board_init.o
 *fill*         0x0000028e        0x2 
 .text.port_pin_set_output_level
                0x00000290       0x54 src/ASF/sam0/boards/board_init.o
 .text.system_board_init
                0x000002e4       0x50 src/ASF/sam0/boards/board_init.o
                0x000002e4                board_init
                0x000002e4                system_board_init
 .text.nvm_is_ready
                0x00000334       0x28 src/ASF/sam0/drivers/nvm/nvm.o
 .text.system_apb_clock_set_mask
                0x0000035c       0x5c src/ASF/sam0/drivers/nvm/nvm.o
 .text.nvm_set_config
                0x000003b8       0xd8 src/ASF/sam0/drivers/nvm/nvm.o
                0x000003b8                nvm_set_config
 .text.advance_pointer
                0x00000490       0x60 src/SerialConsole/circular_buffer.o
 .text.retreat_pointer
                0x000004f0       0x34 src/SerialConsole/circular_buffer.o
 .text.circular_buf_init
                0x00000524       0x3c src/SerialConsole/circular_buffer.o
                0x00000524                circular_buf_init
 .text.circular_buf_reset
                0x00000560       0x22 src/SerialConsole/circular_buffer.o
                0x00000560                circular_buf_reset
 *fill*         0x00000582        0x2 
 .text.circular_buf_put
                0x00000584       0x34 src/SerialConsole/circular_buffer.o
                0x00000584                circular_buf_put
 .text.circular_buf_get
                0x000005b8       0x54 src/SerialConsole/circular_buffer.o
                0x000005b8                circular_buf_get
 .text.circular_buf_empty
                0x0000060c       0x38 src/SerialConsole/circular_buffer.o
                0x0000060c                circular_buf_empty
 .text.system_interrupt_enable
                0x00000644       0x2c src/SerialConsole/SerialConsole.o
 .text.system_interrupt_disable
                0x00000670       0x30 src/SerialConsole/SerialConsole.o
 .text.usart_is_syncing
                0x000006a0       0x20 src/SerialConsole/SerialConsole.o
 .text._usart_wait_for_sync
                0x000006c0       0x24 src/SerialConsole/SerialConsole.o
 .text.usart_get_config_defaults
                0x000006e4       0xbe src/SerialConsole/SerialConsole.o
 *fill*         0x000007a2        0x2 
 .text.usart_enable
                0x000007a4       0x48 src/SerialConsole/SerialConsole.o
 .text.usart_disable
                0x000007ec       0x4c src/SerialConsole/SerialConsole.o
 .text.usart_enable_callback
                0x00000838       0x36 src/SerialConsole/SerialConsole.o
 *fill*         0x0000086e        0x2 
 .text.usart_serial_putchar
                0x00000870       0x34 src/SerialConsole/SerialConsole.o
 .text.usart_serial_getchar
                0x000008a4       0x40 src/SerialConsole/SerialConsole.o
 .text.stdio_serial_init
                0x000008e4       0x60 src/SerialConsole/SerialConsole.o
 .text.InitializeSerialConsole
                0x00000944       0x70 src/SerialConsole/SerialConsole.o
                0x00000944                InitializeSerialConsole
 .text.DeinitializeSerialConsole
                0x000009b4       0x1c src/SerialConsole/SerialConsole.o
                0x000009b4                DeinitializeSerialConsole
 .text.SerialConsoleWriteString
                0x000009d0       0x8c src/SerialConsole/SerialConsole.o
                0x000009d0                SerialConsoleWriteString
 .text.configure_usart
                0x00000a5c       0x88 src/SerialConsole/SerialConsole.o
 .text.configure_usart_callbacks
                0x00000ae4       0x4c src/SerialConsole/SerialConsole.o
 .text.usart_read_callback
                0x00000b30       0x70 src/SerialConsole/SerialConsole.o
                0x00000b30                usart_read_callback
 .text.usart_write_callback
                0x00000ba0       0x44 src/SerialConsole/SerialConsole.o
                0x00000ba0                usart_write_callback
 .text.sd_mmc_init
                0x00000be4       0x50 src/ASF/common2/components/memory/sd_mmc/sd_mmc.o
                0x00000be4                sd_mmc_init
 .text.system_pinmux_get_group_from_gpio_pin
                0x00000c34       0x60 src/ASF/common2/components/memory/sd_mmc/sd_mmc_spi.o
 .text.port_get_group_from_gpio_pin
                0x00000c94       0x24 src/ASF/common2/components/memory/sd_mmc/sd_mmc_spi.o
 .text.port_get_config_defaults
                0x00000cb8       0x22 src/ASF/common2/components/memory/sd_mmc/sd_mmc_spi.o
 *fill*         0x00000cda        0x2 
 .text.port_pin_set_output_level
                0x00000cdc       0x54 src/ASF/common2/components/memory/sd_mmc/sd_mmc_spi.o
 .text.system_interrupt_enable
                0x00000d30       0x2c src/ASF/common2/components/memory/sd_mmc/sd_mmc_spi.o
 .text.spi_is_syncing
                0x00000d5c       0x20 src/ASF/common2/components/memory/sd_mmc/sd_mmc_spi.o
 .text.spi_get_config_defaults
                0x00000d7c       0x84 src/ASF/common2/components/memory/sd_mmc/sd_mmc_spi.o
 .text.spi_slave_inst_get_config_defaults
                0x00000e00       0x22 src/ASF/common2/components/memory/sd_mmc/sd_mmc_spi.o
 *fill*         0x00000e22        0x2 
 .text.spi_attach_slave
                0x00000e24       0x64 src/ASF/common2/components/memory/sd_mmc/sd_mmc_spi.o
 .text.spi_enable
                0x00000e88       0x50 src/ASF/common2/components/memory/sd_mmc/sd_mmc_spi.o
 .text.sd_mmc_deinit
                0x00000ed8       0x1c src/ASF/common2/components/memory/sd_mmc/sd_mmc_spi.o
                0x00000ed8                sd_mmc_deinit
 .text.sd_mmc_spi_init
                0x00000ef4       0xc8 src/ASF/common2/components/memory/sd_mmc/sd_mmc_spi.o
                0x00000ef4                sd_mmc_spi_init
 .text.cpu_irq_enter_critical
                0x00000fbc       0x54 src/ASF/common/utils/interrupt/interrupt_sam_nvic.o
                0x00000fbc                cpu_irq_enter_critical
 .text.cpu_irq_leave_critical
                0x00001010       0x40 src/ASF/common/utils/interrupt/interrupt_sam_nvic.o
                0x00001010                cpu_irq_leave_critical
 .text.system_pinmux_get_config_defaults
                0x00001050       0x28 src/ASF/sam0/drivers/port/port.o
 .text.port_pin_set_config
                0x00001078       0x60 src/ASF/sam0/drivers/port/port.o
                0x00001078                port_pin_set_config
 .text.system_gclk_chan_get_config_defaults
                0x000010d8       0x16 src/ASF/sam0/drivers/sercom/sercom.o
 .text.long_division
                0x000010ee       0xe0 src/ASF/sam0/drivers/sercom/sercom.o
 .text._sercom_get_sync_baud_val
                0x000011ce       0x7c src/ASF/sam0/drivers/sercom/sercom.o
                0x000011ce                _sercom_get_sync_baud_val
 *fill*         0x0000124a        0x2 
 .text._sercom_get_async_baud_val
                0x0000124c      0x1c0 src/ASF/sam0/drivers/sercom/sercom.o
                0x0000124c                _sercom_get_async_baud_val
 .text.sercom_set_gclk_generator
                0x0000140c       0x8c src/ASF/sam0/drivers/sercom/sercom.o
                0x0000140c                sercom_set_gclk_generator
 .text._sercom_get_default_pad
                0x00001498      0x1bc src/ASF/sam0/drivers/sercom/sercom.o
                0x00001498                _sercom_get_default_pad
 .text._sercom_get_sercom_inst_index
                0x00001654       0x50 src/ASF/sam0/drivers/sercom/sercom.o
                0x00001654                _sercom_get_sercom_inst_index
 .text._sercom_default_handler
                0x000016a4       0x14 src/ASF/sam0/drivers/sercom/sercom_interrupt.o
 .text._sercom_set_handler
                0x000016b8       0x6c src/ASF/sam0/drivers/sercom/sercom_interrupt.o
                0x000016b8                _sercom_set_handler
 .text._sercom_get_interrupt_vector
                0x00001724       0x44 src/ASF/sam0/drivers/sercom/sercom_interrupt.o
                0x00001724                _sercom_get_interrupt_vector
 .text.SERCOM0_Handler
                0x00001768       0x18 src/ASF/sam0/drivers/sercom/sercom_interrupt.o
                0x00001768                SERCOM0_Handler
 .text.SERCOM1_Handler
                0x00001780       0x18 src/ASF/sam0/drivers/sercom/sercom_interrupt.o
                0x00001780                SERCOM1_Handler
 .text.SERCOM2_Handler
                0x00001798       0x18 src/ASF/sam0/drivers/sercom/sercom_interrupt.o
                0x00001798                SERCOM2_Handler
 .text.SERCOM3_Handler
                0x000017b0       0x18 src/ASF/sam0/drivers/sercom/sercom_interrupt.o
                0x000017b0                SERCOM3_Handler
 .text.SERCOM4_Handler
                0x000017c8       0x18 src/ASF/sam0/drivers/sercom/sercom_interrupt.o
                0x000017c8                SERCOM4_Handler
 .text.SERCOM5_Handler
                0x000017e0       0x18 src/ASF/sam0/drivers/sercom/sercom_interrupt.o
                0x000017e0                SERCOM5_Handler
 .text.system_pinmux_get_config_defaults
                0x000017f8       0x28 src/ASF/sam0/drivers/sercom/spi/spi.o
 .text.system_gclk_chan_get_config_defaults
                0x00001820       0x16 src/ASF/sam0/drivers/sercom/spi/spi.o
 *fill*         0x00001836        0x2 
 .text.system_apb_clock_set_mask
                0x00001838       0x5c src/ASF/sam0/drivers/sercom/spi/spi.o
 .text.system_is_debugger_present
                0x00001894       0x20 src/ASF/sam0/drivers/sercom/spi/spi.o
 .text.system_interrupt_disable
                0x000018b4       0x30 src/ASF/sam0/drivers/sercom/spi/spi.o
 .text.spi_is_syncing
                0x000018e4       0x20 src/ASF/sam0/drivers/sercom/spi/spi.o
 .text.spi_disable
                0x00001904       0x5c src/ASF/sam0/drivers/sercom/spi/spi.o
 .text.spi_reset
                0x00001960       0x40 src/ASF/sam0/drivers/sercom/spi/spi.o
                0x00001960                spi_reset
 .text._spi_set_config
                0x000019a0      0x210 src/ASF/sam0/drivers/sercom/spi/spi.o
 .text.spi_init
                0x00001bb0      0x190 src/ASF/sam0/drivers/sercom/spi/spi.o
                0x00001bb0                spi_init
 .text._spi_write
                0x00001d40       0x7a src/ASF/sam0/drivers/sercom/spi/spi_interrupt.o
 *fill*         0x00001dba        0x2 
 .text._spi_write_dummy
                0x00001dbc       0x34 src/ASF/sam0/drivers/sercom/spi/spi_interrupt.o
 .text._spi_read_dummy
                0x00001df0       0x36 src/ASF/sam0/drivers/sercom/spi/spi_interrupt.o
 .text._spi_read
                0x00001e26       0x70 src/ASF/sam0/drivers/sercom/spi/spi_interrupt.o
 *fill*         0x00001e96        0x2 
 .text._spi_interrupt_handler
                0x00001e98      0x280 src/ASF/sam0/drivers/sercom/spi/spi_interrupt.o
                0x00001e98                _spi_interrupt_handler
 .text.system_gclk_chan_get_config_defaults
                0x00002118       0x16 src/ASF/sam0/drivers/sercom/usart/usart.o
 *fill*         0x0000212e        0x2 
 .text.system_apb_clock_set_mask
                0x00002130       0x5c src/ASF/sam0/drivers/sercom/usart/usart.o
 .text.system_pinmux_get_config_defaults
                0x0000218c       0x28 src/ASF/sam0/drivers/sercom/usart/usart.o
 .text.system_is_debugger_present
                0x000021b4       0x20 src/ASF/sam0/drivers/sercom/usart/usart.o
 .text.usart_is_syncing
                0x000021d4       0x20 src/ASF/sam0/drivers/sercom/usart/usart.o
 .text._usart_wait_for_sync
                0x000021f4       0x24 src/ASF/sam0/drivers/sercom/usart/usart.o
 .text._usart_set_config
                0x00002218      0x2dc src/ASF/sam0/drivers/sercom/usart/usart.o
 .text.usart_init
                0x000024f4      0x274 src/ASF/sam0/drivers/sercom/usart/usart.o
                0x000024f4                usart_init
 .text.usart_write_wait
                0x00002768       0x64 src/ASF/sam0/drivers/sercom/usart/usart.o
                0x00002768                usart_write_wait
 .text.usart_read_wait
                0x000027cc       0xec src/ASF/sam0/drivers/sercom/usart/usart.o
                0x000027cc                usart_read_wait
 .text.system_interrupt_enter_critical_section
                0x000028b8       0x14 src/ASF/sam0/drivers/sercom/usart/usart_interrupt.o
 .text.system_interrupt_leave_critical_section
                0x000028cc       0x14 src/ASF/sam0/drivers/sercom/usart/usart_interrupt.o
 .text.usart_is_syncing
                0x000028e0       0x20 src/ASF/sam0/drivers/sercom/usart/usart_interrupt.o
 .text._usart_wait_for_sync
                0x00002900       0x24 src/ASF/sam0/drivers/sercom/usart/usart_interrupt.o
 .text._usart_write_buffer
                0x00002924       0x5c src/ASF/sam0/drivers/sercom/usart/usart_interrupt.o
                0x00002924                _usart_write_buffer
 .text._usart_read_buffer
                0x00002980       0x78 src/ASF/sam0/drivers/sercom/usart/usart_interrupt.o
                0x00002980                _usart_read_buffer
 .text.usart_register_callback
                0x000029f8       0x48 src/ASF/sam0/drivers/sercom/usart/usart_interrupt.o
                0x000029f8                usart_register_callback
 .text.usart_write_buffer_job
                0x00002a40       0x48 src/ASF/sam0/drivers/sercom/usart/usart_interrupt.o
                0x00002a40                usart_write_buffer_job
 .text.usart_read_buffer_job
                0x00002a88       0x48 src/ASF/sam0/drivers/sercom/usart/usart_interrupt.o
                0x00002a88                usart_read_buffer_job
 .text.usart_get_job_status
                0x00002ad0       0x50 src/ASF/sam0/drivers/sercom/usart/usart_interrupt.o
                0x00002ad0                usart_get_job_status
 .text._usart_interrupt_handler
                0x00002b20      0x340 src/ASF/sam0/drivers/sercom/usart/usart_interrupt.o
                0x00002b20                _usart_interrupt_handler
 .text.system_gclk_gen_get_config_defaults
                0x00002e60       0x2e src/ASF/sam0/drivers/system/clock/clock_samd21_r21_da_ha1/clock.o
 .text.system_gclk_chan_get_config_defaults
                0x00002e8e       0x16 src/ASF/sam0/drivers/system/clock/clock_samd21_r21_da_ha1/clock.o
 .text.system_clock_source_xosc32k_get_config_defaults
                0x00002ea4       0x48 src/ASF/sam0/drivers/system/clock/clock_samd21_r21_da_ha1/clock.o
 .text.system_clock_source_osc8m_get_config_defaults
                0x00002eec       0x22 src/ASF/sam0/drivers/system/clock/clock_samd21_r21_da_ha1/clock.o
 .text.system_clock_source_dfll_get_config_defaults
                0x00002f0e       0x52 src/ASF/sam0/drivers/system/clock/clock_samd21_r21_da_ha1/clock.o
 .text.system_cpu_clock_set_divider
                0x00002f60       0x20 src/ASF/sam0/drivers/system/clock/clock_samd21_r21_da_ha1/clock.o
 .text.system_apb_clock_set_divider
                0x00002f80       0x54 src/ASF/sam0/drivers/system/clock/clock_samd21_r21_da_ha1/clock.o
 .text.system_flash_set_waitstates
                0x00002fd4       0x34 src/ASF/sam0/drivers/system/clock/clock_samd21_r21_da_ha1/clock.o
 .text._system_dfll_wait_for_sync
                0x00003008       0x1c src/ASF/sam0/drivers/system/clock/clock_samd21_r21_da_ha1/clock.o
 .text._system_clock_source_dfll_set_config_errata_9905
                0x00003024       0x44 src/ASF/sam0/drivers/system/clock/clock_samd21_r21_da_ha1/clock.o
 .text.system_clock_source_get_hz
                0x00003068       0xc0 src/ASF/sam0/drivers/system/clock/clock_samd21_r21_da_ha1/clock.o
                0x00003068                system_clock_source_get_hz
 .text.system_clock_source_osc8m_set_config
                0x00003128       0x78 src/ASF/sam0/drivers/system/clock/clock_samd21_r21_da_ha1/clock.o
                0x00003128                system_clock_source_osc8m_set_config
 .text.system_clock_source_xosc32k_set_config
                0x000031a0      0x120 src/ASF/sam0/drivers/system/clock/clock_samd21_r21_da_ha1/clock.o
                0x000031a0                system_clock_source_xosc32k_set_config
 .text.system_clock_source_dfll_set_config
                0x000032c0       0xd0 src/ASF/sam0/drivers/system/clock/clock_samd21_r21_da_ha1/clock.o
                0x000032c0                system_clock_source_dfll_set_config
 .text.system_clock_source_enable
                0x00003390       0xac src/ASF/sam0/drivers/system/clock/clock_samd21_r21_da_ha1/clock.o
                0x00003390                system_clock_source_enable
 .text.system_clock_source_is_ready
                0x0000343c       0x84 src/ASF/sam0/drivers/system/clock/clock_samd21_r21_da_ha1/clock.o
                0x0000343c                system_clock_source_is_ready
 .text._switch_peripheral_gclk
                0x000034c0       0x38 src/ASF/sam0/drivers/system/clock/clock_samd21_r21_da_ha1/clock.o
 .text.system_clock_init
                0x000034f8      0x270 src/ASF/sam0/drivers/system/clock/clock_samd21_r21_da_ha1/clock.o
                0x000034f8                system_clock_init
 .text.system_apb_clock_set_mask
                0x00003768       0x5c src/ASF/sam0/drivers/system/clock/clock_samd21_r21_da_ha1/gclk.o
 .text.system_interrupt_enter_critical_section
                0x000037c4       0x14 src/ASF/sam0/drivers/system/clock/clock_samd21_r21_da_ha1/gclk.o
 .text.system_interrupt_leave_critical_section
                0x000037d8       0x14 src/ASF/sam0/drivers/system/clock/clock_samd21_r21_da_ha1/gclk.o
 .text.system_gclk_is_syncing
                0x000037ec       0x20 src/ASF/sam0/drivers/system/clock/clock_samd21_r21_da_ha1/gclk.o
 .text.system_gclk_init
                0x0000380c       0x30 src/ASF/sam0/drivers/system/clock/clock_samd21_r21_da_ha1/gclk.o
                0x0000380c                system_gclk_init
 .text.system_gclk_gen_set_config
                0x0000383c      0x124 src/ASF/sam0/drivers/system/clock/clock_samd21_r21_da_ha1/gclk.o
                0x0000383c                system_gclk_gen_set_config
 .text.system_gclk_gen_enable
                0x00003960       0x5c src/ASF/sam0/drivers/system/clock/clock_samd21_r21_da_ha1/gclk.o
                0x00003960                system_gclk_gen_enable
 .text.system_gclk_gen_get_hz
                0x000039bc       0xd8 src/ASF/sam0/drivers/system/clock/clock_samd21_r21_da_ha1/gclk.o
                0x000039bc                system_gclk_gen_get_hz
 .text.system_gclk_chan_set_config
                0x00003a94       0x44 src/ASF/sam0/drivers/system/clock/clock_samd21_r21_da_ha1/gclk.o
                0x00003a94                system_gclk_chan_set_config
 .text.system_gclk_chan_enable
                0x00003ad8       0x48 src/ASF/sam0/drivers/system/clock/clock_samd21_r21_da_ha1/gclk.o
                0x00003ad8                system_gclk_chan_enable
 .text.system_gclk_chan_disable
                0x00003b20       0x98 src/ASF/sam0/drivers/system/clock/clock_samd21_r21_da_ha1/gclk.o
                0x00003b20                system_gclk_chan_disable
 .text.system_gclk_chan_get_hz
                0x00003bb8       0x58 src/ASF/sam0/drivers/system/clock/clock_samd21_r21_da_ha1/gclk.o
                0x00003bb8                system_gclk_chan_get_hz
 .text.system_pinmux_get_group_from_gpio_pin
                0x00003c10       0x60 src/ASF/sam0/drivers/system/pinmux/pinmux.o
 .text._system_pinmux_config
                0x00003c70      0x110 src/ASF/sam0/drivers/system/pinmux/pinmux.o
 .text.system_pinmux_pin_set_config
                0x00003d80       0x48 src/ASF/sam0/drivers/system/pinmux/pinmux.o
                0x00003d80                system_pinmux_pin_set_config
 .text._system_dummy_init
                0x00003dc8        0xa src/ASF/sam0/drivers/system/system.o
                0x00003dc8                _system_extint_init
                0x00003dc8                _system_events_init
                0x00003dc8                _system_dummy_init
                0x00003dc8                _system_divas_init
 *fill*         0x00003dd2        0x2 
 .text.system_init
                0x00003dd4       0x34 src/ASF/sam0/drivers/system/system.o
                0x00003dd4                system_init
 .text.Reset_Handler
                0x00003e08       0xf8 src/ASF/sam0/utils/cmsis/samd21/source/gcc/startup_samd21.o
                0x00003e08                Reset_Handler
 .text.Dummy_Handler
                0x00003f00        0x6 src/ASF/sam0/utils/cmsis/samd21/source/gcc/startup_samd21.o
                0x00003f00                DMAC_Handler
                0x00003f00                HardFault_Handler
                0x00003f00                AC_Handler
                0x00003f00                PendSV_Handler
                0x00003f00                NMI_Handler
                0x00003f00                ADC_Handler
                0x00003f00                TCC1_Handler
                0x00003f00                TCC0_Handler
                0x00003f00                RTC_Handler
                0x00003f00                EIC_Handler
                0x00003f00                WDT_Handler
                0x00003f00                TC4_Handler
                0x00003f00                USB_Handler
                0x00003f00                TC3_Handler
                0x00003f00                Dummy_Handler
                0x00003f00                PM_Handler
                0x00003f00                SVC_Handler
                0x00003f00                TCC2_Handler
                0x00003f00                EVSYS_Handler
                0x00003f00                I2S_Handler
                0x00003f00                NVMCTRL_Handler
                0x00003f00                DAC_Handler
                0x00003f00                PTC_Handler
                0x00003f00                TC5_Handler
                0x00003f00                SYSCTRL_Handler
 *fill*         0x00003f06        0x2 
 .text._read    0x00003f08       0x54 src/ASF/sam0/utils/stdio/read.o
                0x00003f08                _read
 .text._write   0x00003f5c       0x6c src/ASF/sam0/utils/stdio/write.o
                0x00003f5c                _write
 .text._sbrk    0x00003fc8       0x3c src/ASF/sam0/utils/syscalls/gcc/syscalls.o
                0x00003fc8                _sbrk
 .text._close   0x00004004       0x14 src/ASF/sam0/utils/syscalls/gcc/syscalls.o
                0x00004004                _close
 .text._fstat   0x00004018       0x1c src/ASF/sam0/utils/syscalls/gcc/syscalls.o
                0x00004018                _fstat
 .text._lseek   0x00004034       0x16 src/ASF/sam0/utils/syscalls/gcc/syscalls.o
                0x00004034                _lseek
 *fill*         0x0000404a        0x2 
 .text.system_apb_clock_set_mask
                0x0000404c       0x5c src/BootMain.o
 .text.nvm_get_config_defaults
                0x000040a8       0x3c src/BootMain.o
 .text.system_interrupt_enable_global
                0x000040e4       0x1c src/BootMain.o
 .text.dsu_crc32_init
                0x00004100       0x18 src/BootMain.o
 .text.main     0x00004118       0xb8 src/BootMain.o
                0x00004118                main
 .text.jumpToApplication
                0x000041d0       0x38 src/BootMain.o
 .text.configure_nvm
                0x00004208       0x2c src/BootMain.o
 .text          0x00004234      0x114 c:/program files (x86)/atmel/studio/7.0/toolchain/arm/arm-gnu-toolchain/bin/../lib/gcc/arm-none-eabi/6.3.1/thumb/v6-m\libgcc.a(_udivsi3.o)
                0x00004234                __aeabi_uidiv
                0x00004234                __udivsi3
                0x00004340                __aeabi_uidivmod
 .text          0x00004348        0x4 c:/program files (x86)/atmel/studio/7.0/toolchain/arm/arm-gnu-toolchain/bin/../lib/gcc/arm-none-eabi/6.3.1/thumb/v6-m\libgcc.a(_dvmd_tls.o)
                0x00004348                __aeabi_idiv0
                0x00004348                __aeabi_ldiv0
 .text          0x0000434c       0x54 c:/program files (x86)/atmel/studio/7.0/toolchain/arm/arm-gnu-toolchain/bin/../lib/gcc/arm-none-eabi/6.3.1/thumb/v6-m\libgcc.a(_muldi3.o)
                0x0000434c                __muldi3
                0x0000434c                __aeabi_lmul
 .text.__libc_init_array
                0x000043a0       0x48 c:/program files (x86)/atmel/studio/7.0/toolchain/arm/arm-gnu-toolchain/bin/../lib/gcc/arm-none-eabi/6.3.1/../../../../arm-none-eabi/lib/thumb/v6-m\libc_nano.a(lib_a-init.o)
                0x000043a0                __libc_init_array
 .text.malloc   0x000043e8       0x14 c:/program files (x86)/atmel/studio/7.0/toolchain/arm/arm-gnu-toolchain/bin/../lib/gcc/arm-none-eabi/6.3.1/../../../../arm-none-eabi/lib/thumb/v6-m\libc_nano.a(lib_a-malloc.o)
                0x000043e8                malloc
 .text.memset   0x000043fc       0x10 c:/program files (x86)/atmel/studio/7.0/toolchain/arm/arm-gnu-toolchain/bin/../lib/gcc/arm-none-eabi/6.3.1/../../../../arm-none-eabi/lib/thumb/v6-m\libc_nano.a(lib_a-memset.o)
                0x000043fc                memset
 .text._free_r  0x0000440c       0x94 c:/program files (x86)/atmel/studio/7.0/toolchain/arm/arm-gnu-toolchain/bin/../lib/gcc/arm-none-eabi/6.3.1/../../../../arm-none-eabi/lib/thumb/v6-m\libc_nano.a(lib_a-nano-freer.o)
                0x0000440c                _free_r
 .text._malloc_r
                0x000044a0       0xbc c:/program files (x86)/atmel/studio/7.0/toolchain/arm/arm-gnu-toolchain/bin/../lib/gcc/arm-none-eabi/6.3.1/../../../../arm-none-eabi/lib/thumb/v6-m\libc_nano.a(lib_a-nano-mallocr.o)
                0x000044a0                _malloc_r
 .text._sbrk_r  0x0000455c       0x24 c:/program files (x86)/atmel/studio/7.0/toolchain/arm/arm-gnu-toolchain/bin/../lib/gcc/arm-none-eabi/6.3.1/../../../../arm-none-eabi/lib/thumb/v6-m\libc_nano.a(lib_a-sbrkr.o)
                0x0000455c                _sbrk_r
 .text.setbuf   0x00004580       0x12 c:/program files (x86)/atmel/studio/7.0/toolchain/arm/arm-gnu-toolchain/bin/../lib/gcc/arm-none-eabi/6.3.1/../../../../arm-none-eabi/lib/thumb/v6-m\libc_nano.a(lib_a-setbuf.o)
                0x00004580                setbuf
 *fill*         0x00004592        0x2 
 .text.setvbuf  0x00004594      0x158 c:/program files (x86)/atmel/studio/7.0/toolchain/arm/arm-gnu-toolchain/bin/../lib/gcc/arm-none-eabi/6.3.1/../../../../arm-none-eabi/lib/thumb/v6-m\libc_nano.a(lib_a-setvbuf.o)
                0x00004594                setvbuf
 .text          0x000046ec        0xe c:/program files (x86)/atmel/studio/7.0/toolchain/arm/arm-gnu-toolchain/bin/../lib/gcc/arm-none-eabi/6.3.1/../../../../arm-none-eabi/lib/thumb/v6-m\libc_nano.a(lib_a-strlen.o)
                0x000046ec                strlen
 *fill*         0x000046fa        0x2 
 .text.__sflush_r
                0x000046fc      0x114 c:/program files (x86)/atmel/studio/7.0/toolchain/arm/arm-gnu-toolchain/bin/../lib/gcc/arm-none-eabi/6.3.1/../../../../arm-none-eabi/lib/thumb/v6-m\libc_nano.a(lib_a-fflush.o)
                0x000046fc                __sflush_r
 .text._fflush_r
                0x00004810       0x58 c:/program files (x86)/atmel/studio/7.0/toolchain/arm/arm-gnu-toolchain/bin/../lib/gcc/arm-none-eabi/6.3.1/../../../../arm-none-eabi/lib/thumb/v6-m\libc_nano.a(lib_a-fflush.o)
                0x00004810                _fflush_r
 .text._cleanup_r
                0x00004868       0x10 c:/program files (x86)/atmel/studio/7.0/toolchain/arm/arm-gnu-toolchain/bin/../lib/gcc/arm-none-eabi/6.3.1/../../../../arm-none-eabi/lib/thumb/v6-m\libc_nano.a(lib_a-findfp.o)
                0x00004868                _cleanup_r
 .text.std.isra.0
                0x00004878       0x48 c:/program files (x86)/atmel/studio/7.0/toolchain/arm/arm-gnu-toolchain/bin/../lib/gcc/arm-none-eabi/6.3.1/../../../../arm-none-eabi/lib/thumb/v6-m\libc_nano.a(lib_a-findfp.o)
 .text.__sfmoreglue
                0x000048c0       0x2c c:/program files (x86)/atmel/studio/7.0/toolchain/arm/arm-gnu-toolchain/bin/../lib/gcc/arm-none-eabi/6.3.1/../../../../arm-none-eabi/lib/thumb/v6-m\libc_nano.a(lib_a-findfp.o)
                0x000048c0                __sfmoreglue
 .text.__sinit  0x000048ec       0x68 c:/program files (x86)/atmel/studio/7.0/toolchain/arm/arm-gnu-toolchain/bin/../lib/gcc/arm-none-eabi/6.3.1/../../../../arm-none-eabi/lib/thumb/v6-m\libc_nano.a(lib_a-findfp.o)
                0x000048ec                __sinit
 .text.__sfp    0x00004954       0x80 c:/program files (x86)/atmel/studio/7.0/toolchain/arm/arm-gnu-toolchain/bin/../lib/gcc/arm-none-eabi/6.3.1/../../../../arm-none-eabi/lib/thumb/v6-m\libc_nano.a(lib_a-findfp.o)
                0x00004954                __sfp
 .text._fwalk_reent
                0x000049d4       0x42 c:/program files (x86)/atmel/studio/7.0/toolchain/arm/arm-gnu-toolchain/bin/../lib/gcc/arm-none-eabi/6.3.1/../../../../arm-none-eabi/lib/thumb/v6-m\libc_nano.a(lib_a-fwalk.o)
                0x000049d4                _fwalk_reent
 *fill*         0x00004a16        0x2 
 .text.__swhatbuf_r
                0x00004a18       0x50 c:/program files (x86)/atmel/studio/7.0/toolchain/arm/arm-gnu-toolchain/bin/../lib/gcc/arm-none-eabi/6.3.1/../../../../arm-none-eabi/lib/thumb/v6-m\libc_nano.a(lib_a-makebuf.o)
                0x00004a18                __swhatbuf_r
 .text.__malloc_lock
                0x00004a68        0x2 c:/program files (x86)/atmel/studio/7.0/toolchain/arm/arm-gnu-toolchain/bin/../lib/gcc/arm-none-eabi/6.3.1/../../../../arm-none-eabi/lib/thumb/v6-m\libc_nano.a(lib_a-mlock.o)
                0x00004a68                __malloc_lock
 .text.__malloc_unlock
                0x00004a6a        0x2 c:/program files (x86)/atmel/studio/7.0/toolchain/arm/arm-gnu-toolchain/bin/../lib/gcc/arm-none-eabi/6.3.1/../../../../arm-none-eabi/lib/thumb/v6-m\libc_nano.a(lib_a-mlock.o)
                0x00004a6a                __malloc_unlock
 .text.__sread  0x00004a6c       0x28 c:/program files (x86)/atmel/studio/7.0/toolchain/arm/arm-gnu-toolchain/bin/../lib/gcc/arm-none-eabi/6.3.1/../../../../arm-none-eabi/lib/thumb/v6-m\libc_nano.a(lib_a-stdio.o)
                0x00004a6c                __sread
 .text.__swrite
                0x00004a94       0x38 c:/program files (x86)/atmel/studio/7.0/toolchain/arm/arm-gnu-toolchain/bin/../lib/gcc/arm-none-eabi/6.3.1/../../../../arm-none-eabi/lib/thumb/v6-m\libc_nano.a(lib_a-stdio.o)
                0x00004a94                __swrite
 .text.__sseek  0x00004acc       0x2c c:/program files (x86)/atmel/studio/7.0/toolchain/arm/arm-gnu-toolchain/bin/../lib/gcc/arm-none-eabi/6.3.1/../../../../arm-none-eabi/lib/thumb/v6-m\libc_nano.a(lib_a-stdio.o)
                0x00004acc                __sseek
 .text.__sclose
                0x00004af8        0xc c:/program files (x86)/atmel/studio/7.0/toolchain/arm/arm-gnu-toolchain/bin/../lib/gcc/arm-none-eabi/6.3.1/../../../../arm-none-eabi/lib/thumb/v6-m\libc_nano.a(lib_a-stdio.o)
                0x00004af8                __sclose
 .text._write_r
                0x00004b04       0x28 c:/program files (x86)/atmel/studio/7.0/toolchain/arm/arm-gnu-toolchain/bin/../lib/gcc/arm-none-eabi/6.3.1/../../../../arm-none-eabi/lib/thumb/v6-m\libc_nano.a(lib_a-writer.o)
                0x00004b04                _write_r
 .text._close_r
                0x00004b2c       0x24 c:/program files (x86)/atmel/studio/7.0/toolchain/arm/arm-gnu-toolchain/bin/../lib/gcc/arm-none-eabi/6.3.1/../../../../arm-none-eabi/lib/thumb/v6-m\libc_nano.a(lib_a-closer.o)
                0x00004b2c                _close_r
 .text._fstat_r
                0x00004b50       0x24 c:/program files (x86)/atmel/studio/7.0/toolchain/arm/arm-gnu-toolchain/bin/../lib/gcc/arm-none-eabi/6.3.1/../../../../arm-none-eabi/lib/thumb/v6-m\libc_nano.a(lib_a-fstatr.o)
                0x00004b50                _fstat_r
 .text._lseek_r
                0x00004b74       0x28 c:/program files (x86)/atmel/studio/7.0/toolchain/arm/arm-gnu-toolchain/bin/../lib/gcc/arm-none-eabi/6.3.1/../../../../arm-none-eabi/lib/thumb/v6-m\libc_nano.a(lib_a-lseekr.o)
                0x00004b74                _lseek_r
 .text._read_r  0x00004b9c       0x28 c:/program files (x86)/atmel/studio/7.0/toolchain/arm/arm-gnu-toolchain/bin/../lib/gcc/arm-none-eabi/6.3.1/../../../../arm-none-eabi/lib/thumb/v6-m\libc_nano.a(lib_a-readr.o)
                0x00004b9c                _read_r
 *(.glue_7t)
 .glue_7t       0x00004bc4        0x0 linker stubs
 *(.glue_7)
 .glue_7        0x00004bc4        0x0 linker stubs
 *(.rodata .rodata* .gnu.linkonce.r.*)
 .rodata        0x00004bc4       0x18 src/ASF/sam0/drivers/sercom/sercom.o
 .rodata        0x00004bdc        0x6 src/ASF/sam0/drivers/sercom/sercom_interrupt.o
 *fill*         0x00004be2        0x2 
 .rodata.system_clock_source_get_hz
                0x00004be4       0x24 src/ASF/sam0/drivers/system/clock/clock_samd21_r21_da_ha1/clock.o
 .rodata.system_clock_source_enable
                0x00004c08       0x24 src/ASF/sam0/drivers/system/clock/clock_samd21_r21_da_ha1/clock.o
 .rodata.system_clock_source_is_ready
                0x00004c2c       0x24 src/ASF/sam0/drivers/system/clock/clock_samd21_r21_da_ha1/clock.o
 .rodata        0x00004c50      0x2a0 src/BootMain.o
 .rodata._global_impure_ptr
                0x00004ef0        0x4 c:/program files (x86)/atmel/studio/7.0/toolchain/arm/arm-gnu-toolchain/bin/../lib/gcc/arm-none-eabi/6.3.1/../../../../arm-none-eabi/lib/thumb/v6-m\libc_nano.a(lib_a-impure.o)
                0x00004ef0                _global_impure_ptr
 .rodata.__sf_fake_stderr
                0x00004ef4       0x20 c:/program files (x86)/atmel/studio/7.0/toolchain/arm/arm-gnu-toolchain/bin/../lib/gcc/arm-none-eabi/6.3.1/../../../../arm-none-eabi/lib/thumb/v6-m\libc_nano.a(lib_a-findfp.o)
                0x00004ef4                __sf_fake_stderr
 .rodata.__sf_fake_stdin
                0x00004f14       0x20 c:/program files (x86)/atmel/studio/7.0/toolchain/arm/arm-gnu-toolchain/bin/../lib/gcc/arm-none-eabi/6.3.1/../../../../arm-none-eabi/lib/thumb/v6-m\libc_nano.a(lib_a-findfp.o)
                0x00004f14                __sf_fake_stdin
 .rodata.__sf_fake_stdout
                0x00004f34       0x20 c:/program files (x86)/atmel/studio/7.0/toolchain/arm/arm-gnu-toolchain/bin/../lib/gcc/arm-none-eabi/6.3.1/../../../../arm-none-eabi/lib/thumb/v6-m\libc_nano.a(lib_a-findfp.o)
                0x00004f34                __sf_fake_stdout
 *(.ARM.extab* .gnu.linkonce.armextab.*)
                0x00004f54                . = ALIGN (0x4)
 *(.init)
 .init          0x00004f54        0x4 c:/program files (x86)/atmel/studio/7.0/toolchain/arm/arm-gnu-toolchain/bin/../lib/gcc/arm-none-eabi/6.3.1/thumb/v6-m/crti.o
                0x00004f54                _init
 .init          0x00004f58        0x8 c:/program files (x86)/atmel/studio/7.0/toolchain/arm/arm-gnu-toolchain/bin/../lib/gcc/arm-none-eabi/6.3.1/thumb/v6-m/crtn.o
                0x00004f60                . = ALIGN (0x4)
                0x00004f60                __preinit_array_start = .
 *(.preinit_array)
                0x00004f60                __preinit_array_end = .
                0x00004f60                . = ALIGN (0x4)
                0x00004f60                __init_array_start = .
 *(SORT(.init_array.*))
 *(.init_array)
 .init_array    0x00004f60        0x4 c:/program files (x86)/atmel/studio/7.0/toolchain/arm/arm-gnu-toolchain/bin/../lib/gcc/arm-none-eabi/6.3.1/thumb/v6-m/crtbegin.o
                0x00004f64                __init_array_end = .
                0x00004f64                . = ALIGN (0x4)
 *crtbegin.o(.ctors)
 *(EXCLUDE_FILE(*crtend.o) .ctors)
 *(SORT(.ctors.*))
 *crtend.o(.ctors)
                0x00004f64                . = ALIGN (0x4)
 *(.fini)
 .fini          0x00004f64        0x4 c:/program files (x86)/atmel/studio/7.0/toolchain/arm/arm-gnu-toolchain/bin/../lib/gcc/arm-none-eabi/6.3.1/thumb/v6-m/crti.o
                0x00004f64                _fini
 .fini          0x00004f68        0x8 c:/program files (x86)/atmel/studio/7.0/toolchain/arm/arm-gnu-toolchain/bin/../lib/gcc/arm-none-eabi/6.3.1/thumb/v6-m/crtn.o
                0x00004f70                . = ALIGN (0x4)
                0x00004f70                __fini_array_start = .
 *(.fini_array)
 .fini_array    0x00004f70        0x4 c:/program files (x86)/atmel/studio/7.0/toolchain/arm/arm-gnu-toolchain/bin/../lib/gcc/arm-none-eabi/6.3.1/thumb/v6-m/crtbegin.o
 *(SORT(.fini_array.*))
                0x00004f74                __fini_array_end = .
 *crtbegin.o(.dtors)
 *(EXCLUDE_FILE(*crtend.o) .dtors)
 *(SORT(.dtors.*))
 *crtend.o(.dtors)
                0x00004f74                . = ALIGN (0x4)
                0x00004f74                _efixed = .
                [!provide]                PROVIDE (__exidx_start, .)

.vfp11_veneer   0x00004f74        0x0
 .vfp11_veneer  0x00004f74        0x0 linker stubs

.v4_bx          0x00004f74        0x0
 .v4_bx         0x00004f74        0x0 linker stubs

.iplt           0x00004f74        0x0
 .iplt          0x00004f74        0x0 c:/program files (x86)/atmel/studio/7.0/toolchain/arm/arm-gnu-toolchain/bin/../lib/gcc/arm-none-eabi/6.3.1/thumb/v6-m/crtbegin.o

.eh_frame       0x00004f74        0x0
 .eh_frame      0x00004f74        0x0 c:/program files (x86)/atmel/studio/7.0/toolchain/arm/arm-gnu-toolchain/bin/../lib/gcc/arm-none-eabi/6.3.1/thumb/v6-m/crtbegin.o

.rel.dyn        0x00004f74        0x0
 .rel.iplt      0x00004f74        0x0 c:/program files (x86)/atmel/studio/7.0/toolchain/arm/arm-gnu-toolchain/bin/../lib/gcc/arm-none-eabi/6.3.1/thumb/v6-m/crtbegin.o

.jcr            0x00004f74        0x0
 .jcr           0x00004f74        0x0 c:/program files (x86)/atmel/studio/7.0/toolchain/arm/arm-gnu-toolchain/bin/../lib/gcc/arm-none-eabi/6.3.1/thumb/v6-m/crtbegin.o

.igot.plt       0x00004f74        0x0
 .igot.plt      0x00004f74        0x0 c:/program files (x86)/atmel/studio/7.0/toolchain/arm/arm-gnu-toolchain/bin/../lib/gcc/arm-none-eabi/6.3.1/thumb/v6-m/crtbegin.o

.ARM.exidx
 *(.ARM.exidx* .gnu.linkonce.armexidx.*)
                [!provide]                PROVIDE (__exidx_end, .)
                0x00004f74                . = ALIGN (0x4)
                0x00004f74                _etext = .

.relocate       0x20000000       0x70 load address 0x00004f74
                0x20000000                . = ALIGN (0x4)
                0x20000000                _srelocate = .
 *(.ramfunc .ramfunc.*)
 *(.data .data.*)
 .data.cycles_per_ms
                0x20000000        0x4 src/ASF/common2/services/delay/sam0/systick_counter.o
 .data.cycles_per_us
                0x20000004        0x4 src/ASF/common2/services/delay/sam0/systick_counter.o
 .data.ss_pins  0x20000008        0x1 src/ASF/common2/components/memory/sd_mmc/sd_mmc_spi.o
                0x20000008                ss_pins
 .data.g_interrupt_enabled
                0x20000009        0x1 src/ASF/common/utils/interrupt/interrupt_sam_nvic.o
                0x20000009                g_interrupt_enabled
 *fill*         0x2000000a        0x2 
 .data._impure_ptr
                0x2000000c        0x4 c:/program files (x86)/atmel/studio/7.0/toolchain/arm/arm-gnu-toolchain/bin/../lib/gcc/arm-none-eabi/6.3.1/../../../../arm-none-eabi/lib/thumb/v6-m\libc_nano.a(lib_a-impure.o)
                0x2000000c                _impure_ptr
 .data.impure_data
                0x20000010       0x60 c:/program files (x86)/atmel/studio/7.0/toolchain/arm/arm-gnu-toolchain/bin/../lib/gcc/arm-none-eabi/6.3.1/../../../../arm-none-eabi/lib/thumb/v6-m\libc_nano.a(lib_a-impure.o)
                0x20000070                . = ALIGN (0x4)
                0x20000070                _erelocate = .

.bss            0x20000070      0x948 load address 0x00004fe4
                0x20000070                . = ALIGN (0x4)
                0x20000070                _sbss = .
                0x20000070                _szero = .
 *(.bss .bss.*)
 .bss           0x20000070       0x1c c:/program files (x86)/atmel/studio/7.0/toolchain/arm/arm-gnu-toolchain/bin/../lib/gcc/arm-none-eabi/6.3.1/thumb/v6-m/crtbegin.o
 .bss.ul_tickcount
                0x2000008c        0x4 src/Systick/Systick.o
 .bss._nvm_dev  0x20000090        0x6 src/ASF/sam0/drivers/nvm/nvm.o
 *fill*         0x20000096        0x2 
 .bss.sd_mmc_cards
                0x20000098       0x20 src/ASF/common2/components/memory/sd_mmc/sd_mmc.o
 .bss.sd_mmc_slot_sel
                0x200000b8        0x1 src/ASF/common2/components/memory/sd_mmc/sd_mmc.o
 *fill*         0x200000b9        0x3 
 .bss.sd_mmc_master
                0x200000bc       0x3c src/ASF/common2/components/memory/sd_mmc/sd_mmc_spi.o
 .bss.sd_mmc_spi_devices
                0x200000f8        0x3 src/ASF/common2/components/memory/sd_mmc/sd_mmc_spi.o
 *fill*         0x200000fb        0x1 
 .bss.slave_configs
                0x200000fc        0x3 src/ASF/common2/components/memory/sd_mmc/sd_mmc_spi.o
 .bss.sd_mmc_spi_err
                0x200000ff        0x1 src/ASF/common2/components/memory/sd_mmc/sd_mmc_spi.o
 .bss.cpu_irq_critical_section_counter
                0x20000100        0x4 src/ASF/common/utils/interrupt/interrupt_sam_nvic.o
 .bss.cpu_irq_prev_interrupt_state
                0x20000104        0x1 src/ASF/common/utils/interrupt/interrupt_sam_nvic.o
 *fill*         0x20000105        0x3 
 .bss._sercom_config
                0x20000108        0x2 src/ASF/sam0/drivers/sercom/sercom.o
 .bss._handler_table_initialized
                0x2000010a        0x1 src/ASF/sam0/drivers/sercom/sercom_interrupt.o
 *fill*         0x2000010b        0x1 
 .bss._sercom_interrupt_handlers
                0x2000010c       0x18 src/ASF/sam0/drivers/sercom/sercom_interrupt.o
 .bss._system_clock_inst
                0x20000124       0x18 src/ASF/sam0/drivers/system/clock/clock_samd21_r21_da_ha1/clock.o
 .bss.heap.5296
                0x2000013c        0x4 src/ASF/sam0/utils/syscalls/gcc/syscalls.o
 .bss.__malloc_free_list
                0x20000140        0x4 c:/program files (x86)/atmel/studio/7.0/toolchain/arm/arm-gnu-toolchain/bin/../lib/gcc/arm-none-eabi/6.3.1/../../../../arm-none-eabi/lib/thumb/v6-m\libc_nano.a(lib_a-nano-mallocr.o)
                0x20000140                __malloc_free_list
 .bss.__malloc_sbrk_start
                0x20000144        0x4 c:/program files (x86)/atmel/studio/7.0/toolchain/arm/arm-gnu-toolchain/bin/../lib/gcc/arm-none-eabi/6.3.1/../../../../arm-none-eabi/lib/thumb/v6-m\libc_nano.a(lib_a-nano-mallocr.o)
                0x20000144                __malloc_sbrk_start
 *(COMMON)
 COMMON         0x20000148      0x844 src/SerialConsole/SerialConsole.o
                0x20000148                usart_instance
                0x2000017c                cbufRx
                0x20000180                latestRx
                0x20000184                txCharacterBuffer
                0x20000584                rxCharacterBuffer
                0x20000984                latestTx
                0x20000988                cbufTx
 COMMON         0x2000098c       0x18 src/ASF/sam0/drivers/sercom/sercom_interrupt.o
                0x2000098c                _sercom_instances
 COMMON         0x200009a4        0x2 src/ASF/sam0/drivers/sercom/spi/spi_interrupt.o
                0x200009a4                dummy_write
 *fill*         0x200009a6        0x2 
 COMMON         0x200009a8        0x4 src/ASF/sam0/utils/stdio/read.o
                0x200009a8                ptr_get
 COMMON         0x200009ac        0x8 src/ASF/sam0/utils/stdio/write.o
                0x200009ac                ptr_put
                0x200009b0                stdio_base
 COMMON         0x200009b4        0x4 c:/program files (x86)/atmel/studio/7.0/toolchain/arm/arm-gnu-toolchain/bin/../lib/gcc/arm-none-eabi/6.3.1/../../../../arm-none-eabi/lib/thumb/v6-m\libc_nano.a(lib_a-reent.o)
                0x200009b4                errno
                0x200009b8                . = ALIGN (0x4)
                0x200009b8                _ebss = .
                0x200009b8                _ezero = .

.stack          0x200009b8     0x2000 load address 0x0000592c
                0x200009b8                . = ALIGN (0x8)
                0x200009b8                _sstack = .
                0x200029b8                . = (. + STACK_SIZE)
 *fill*         0x200009b8     0x2000 
                0x200029b8                . = ALIGN (0x8)
                0x200029b8                _estack = .
                0x200029b8                . = ALIGN (0x4)
                0x200029b8                _end = .
OUTPUT(ESE516 BOOTLOADER.elf elf32-littlearm)

.ARM.attributes
                0x00000000       0x28
 .ARM.attributes
                0x00000000       0x1e c:/program files (x86)/atmel/studio/7.0/toolchain/arm/arm-gnu-toolchain/bin/../lib/gcc/arm-none-eabi/6.3.1/thumb/v6-m/crti.o
 .ARM.attributes
                0x0000001e       0x2c c:/program files (x86)/atmel/studio/7.0/toolchain/arm/arm-gnu-toolchain/bin/../lib/gcc/arm-none-eabi/6.3.1/thumb/v6-m/crtbegin.o
 .ARM.attributes
                0x0000004a       0x32 src/ASF/common2/services/delay/sam0/systick_counter.o
 .ARM.attributes
                0x0000007c       0x32 src/Systick/Systick.o
 .ARM.attributes
                0x000000ae       0x32 src/ASF/sam0/boards/board_init.o
 .ARM.attributes
                0x000000e0       0x32 src/ASF/sam0/drivers/nvm/nvm.o
 .ARM.attributes
                0x00000112       0x32 src/SerialConsole/circular_buffer.o
 .ARM.attributes
                0x00000144       0x32 src/SerialConsole/SerialConsole.o
 .ARM.attributes
                0x00000176       0x32 src/ASF/common2/components/memory/sd_mmc/sd_mmc.o
 .ARM.attributes
                0x000001a8       0x32 src/ASF/common2/components/memory/sd_mmc/sd_mmc_spi.o
 .ARM.attributes
                0x000001da       0x32 src/ASF/common/utils/interrupt/interrupt_sam_nvic.o
 .ARM.attributes
                0x0000020c       0x32 src/ASF/sam0/drivers/port/port.o
 .ARM.attributes
                0x0000023e       0x32 src/ASF/sam0/drivers/sercom/sercom.o
 .ARM.attributes
                0x00000270       0x32 src/ASF/sam0/drivers/sercom/sercom_interrupt.o
 .ARM.attributes
                0x000002a2       0x32 src/ASF/sam0/drivers/sercom/spi/spi.o
 .ARM.attributes
                0x000002d4       0x32 src/ASF/sam0/drivers/sercom/spi/spi_interrupt.o
 .ARM.attributes
                0x00000306       0x32 src/ASF/sam0/drivers/sercom/usart/usart.o
 .ARM.attributes
                0x00000338       0x32 src/ASF/sam0/drivers/sercom/usart/usart_interrupt.o
 .ARM.attributes
                0x0000036a       0x32 src/ASF/sam0/drivers/system/clock/clock_samd21_r21_da_ha1/clock.o
 .ARM.attributes
                0x0000039c       0x32 src/ASF/sam0/drivers/system/clock/clock_samd21_r21_da_ha1/gclk.o
 .ARM.attributes
                0x000003ce       0x32 src/ASF/sam0/drivers/system/pinmux/pinmux.o
 .ARM.attributes
                0x00000400       0x32 src/ASF/sam0/drivers/system/system.o
 .ARM.attributes
                0x00000432       0x32 src/ASF/sam0/utils/cmsis/samd21/source/gcc/startup_samd21.o
 .ARM.attributes
                0x00000464       0x32 src/ASF/sam0/utils/stdio/read.o
 .ARM.attributes
                0x00000496       0x32 src/ASF/sam0/utils/stdio/write.o
 .ARM.attributes
                0x000004c8       0x32 src/ASF/sam0/utils/syscalls/gcc/syscalls.o
 .ARM.attributes
                0x000004fa       0x32 src/BootMain.o
 .ARM.attributes
                0x0000052c       0x1e c:/program files (x86)/atmel/studio/7.0/toolchain/arm/arm-gnu-toolchain/bin/../lib/gcc/arm-none-eabi/6.3.1/thumb/v6-m\libgcc.a(_udivsi3.o)
 .ARM.attributes
                0x0000054a       0x1e c:/program files (x86)/atmel/studio/7.0/toolchain/arm/arm-gnu-toolchain/bin/../lib/gcc/arm-none-eabi/6.3.1/thumb/v6-m\libgcc.a(_dvmd_tls.o)
 .ARM.attributes
                0x00000568       0x2c c:/program files (x86)/atmel/studio/7.0/toolchain/arm/arm-gnu-toolchain/bin/../lib/gcc/arm-none-eabi/6.3.1/thumb/v6-m\libgcc.a(_muldi3.o)
 .ARM.attributes
                0x00000594       0x2c c:/program files (x86)/atmel/studio/7.0/toolchain/arm/arm-gnu-toolchain/bin/../lib/gcc/arm-none-eabi/6.3.1/../../../../arm-none-eabi/lib/thumb/v6-m\libc_nano.a(lib_a-impure.o)
 .ARM.attributes
                0x000005c0       0x2c c:/program files (x86)/atmel/studio/7.0/toolchain/arm/arm-gnu-toolchain/bin/../lib/gcc/arm-none-eabi/6.3.1/../../../../arm-none-eabi/lib/thumb/v6-m\libc_nano.a(lib_a-init.o)
 .ARM.attributes
                0x000005ec       0x2c c:/program files (x86)/atmel/studio/7.0/toolchain/arm/arm-gnu-toolchain/bin/../lib/gcc/arm-none-eabi/6.3.1/../../../../arm-none-eabi/lib/thumb/v6-m\libc_nano.a(lib_a-malloc.o)
 .ARM.attributes
                0x00000618       0x2c c:/program files (x86)/atmel/studio/7.0/toolchain/arm/arm-gnu-toolchain/bin/../lib/gcc/arm-none-eabi/6.3.1/../../../../arm-none-eabi/lib/thumb/v6-m\libc_nano.a(lib_a-memset.o)
 .ARM.attributes
                0x00000644       0x2c c:/program files (x86)/atmel/studio/7.0/toolchain/arm/arm-gnu-toolchain/bin/../lib/gcc/arm-none-eabi/6.3.1/../../../../arm-none-eabi/lib/thumb/v6-m\libc_nano.a(lib_a-nano-freer.o)
 .ARM.attributes
                0x00000670       0x2c c:/program files (x86)/atmel/studio/7.0/toolchain/arm/arm-gnu-toolchain/bin/../lib/gcc/arm-none-eabi/6.3.1/../../../../arm-none-eabi/lib/thumb/v6-m\libc_nano.a(lib_a-nano-mallocr.o)
 .ARM.attributes
                0x0000069c       0x2c c:/program files (x86)/atmel/studio/7.0/toolchain/arm/arm-gnu-toolchain/bin/../lib/gcc/arm-none-eabi/6.3.1/../../../../arm-none-eabi/lib/thumb/v6-m\libc_nano.a(lib_a-sbrkr.o)
 .ARM.attributes
                0x000006c8       0x2c c:/program files (x86)/atmel/studio/7.0/toolchain/arm/arm-gnu-toolchain/bin/../lib/gcc/arm-none-eabi/6.3.1/../../../../arm-none-eabi/lib/thumb/v6-m\libc_nano.a(lib_a-setbuf.o)
 .ARM.attributes
                0x000006f4       0x2c c:/program files (x86)/atmel/studio/7.0/toolchain/arm/arm-gnu-toolchain/bin/../lib/gcc/arm-none-eabi/6.3.1/../../../../arm-none-eabi/lib/thumb/v6-m\libc_nano.a(lib_a-setvbuf.o)
 .ARM.attributes
                0x00000720       0x1c c:/program files (x86)/atmel/studio/7.0/toolchain/arm/arm-gnu-toolchain/bin/../lib/gcc/arm-none-eabi/6.3.1/../../../../arm-none-eabi/lib/thumb/v6-m\libc_nano.a(lib_a-strlen.o)
 .ARM.attributes
                0x0000073c       0x2c c:/program files (x86)/atmel/studio/7.0/toolchain/arm/arm-gnu-toolchain/bin/../lib/gcc/arm-none-eabi/6.3.1/../../../../arm-none-eabi/lib/thumb/v6-m\libc_nano.a(lib_a-fflush.o)
 .ARM.attributes
                0x00000768       0x2c c:/program files (x86)/atmel/studio/7.0/toolchain/arm/arm-gnu-toolchain/bin/../lib/gcc/arm-none-eabi/6.3.1/../../../../arm-none-eabi/lib/thumb/v6-m\libc_nano.a(lib_a-findfp.o)
 .ARM.attributes
                0x00000794       0x2c c:/program files (x86)/atmel/studio/7.0/toolchain/arm/arm-gnu-toolchain/bin/../lib/gcc/arm-none-eabi/6.3.1/../../../../arm-none-eabi/lib/thumb/v6-m\libc_nano.a(lib_a-fwalk.o)
 .ARM.attributes
                0x000007c0       0x2c c:/program files (x86)/atmel/studio/7.0/toolchain/arm/arm-gnu-toolchain/bin/../lib/gcc/arm-none-eabi/6.3.1/../../../../arm-none-eabi/lib/thumb/v6-m\libc_nano.a(lib_a-makebuf.o)
 .ARM.attributes
                0x000007ec       0x2c c:/program files (x86)/atmel/studio/7.0/toolchain/arm/arm-gnu-toolchain/bin/../lib/gcc/arm-none-eabi/6.3.1/../../../../arm-none-eabi/lib/thumb/v6-m\libc_nano.a(lib_a-mlock.o)
 .ARM.attributes
                0x00000818       0x2c c:/program files (x86)/atmel/studio/7.0/toolchain/arm/arm-gnu-toolchain/bin/../lib/gcc/arm-none-eabi/6.3.1/../../../../arm-none-eabi/lib/thumb/v6-m\libc_nano.a(lib_a-reent.o)
 .ARM.attributes
                0x00000844       0x2c c:/program files (x86)/atmel/studio/7.0/toolchain/arm/arm-gnu-toolchain/bin/../lib/gcc/arm-none-eabi/6.3.1/../../../../arm-none-eabi/lib/thumb/v6-m\libc_nano.a(lib_a-stdio.o)
 .ARM.attributes
                0x00000870       0x2c c:/program files (x86)/atmel/studio/7.0/toolchain/arm/arm-gnu-toolchain/bin/../lib/gcc/arm-none-eabi/6.3.1/../../../../arm-none-eabi/lib/thumb/v6-m\libc_nano.a(lib_a-writer.o)
 .ARM.attributes
                0x0000089c       0x2c c:/program files (x86)/atmel/studio/7.0/toolchain/arm/arm-gnu-toolchain/bin/../lib/gcc/arm-none-eabi/6.3.1/../../../../arm-none-eabi/lib/thumb/v6-m\libc_nano.a(lib_a-closer.o)
 .ARM.attributes
                0x000008c8       0x2c c:/program files (x86)/atmel/studio/7.0/toolchain/arm/arm-gnu-toolchain/bin/../lib/gcc/arm-none-eabi/6.3.1/../../../../arm-none-eabi/lib/thumb/v6-m\libc_nano.a(lib_a-fstatr.o)
 .ARM.attributes
                0x000008f4       0x2c c:/program files (x86)/atmel/studio/7.0/toolchain/arm/arm-gnu-toolchain/bin/../lib/gcc/arm-none-eabi/6.3.1/../../../../arm-none-eabi/lib/thumb/v6-m\libc_nano.a(lib_a-lseekr.o)
 .ARM.attributes
                0x00000920       0x2c c:/program files (x86)/atmel/studio/7.0/toolchain/arm/arm-gnu-toolchain/bin/../lib/gcc/arm-none-eabi/6.3.1/../../../../arm-none-eabi/lib/thumb/v6-m\libc_nano.a(lib_a-readr.o)
 .ARM.attributes
                0x0000094c       0x1e c:/program files (x86)/atmel/studio/7.0/toolchain/arm/arm-gnu-toolchain/bin/../lib/gcc/arm-none-eabi/6.3.1/thumb/v6-m/crtn.o

.comment        0x00000000       0x59
 .comment       0x00000000       0x59 src/ASF/common2/services/delay/sam0/systick_counter.o
                                 0x5a (size before relaxing)
 .comment       0x00000059       0x5a src/Systick/Systick.o
 .comment       0x00000059       0x5a src/ASF/sam0/boards/board_init.o
 .comment       0x00000059       0x5a src/ASF/sam0/drivers/nvm/nvm.o
 .comment       0x00000059       0x5a src/SerialConsole/circular_buffer.o
 .comment       0x00000059       0x5a src/SerialConsole/SerialConsole.o
 .comment       0x00000059       0x5a src/ASF/common2/components/memory/sd_mmc/sd_mmc.o
 .comment       0x00000059       0x5a src/ASF/common2/components/memory/sd_mmc/sd_mmc_spi.o
 .comment       0x00000059       0x5a src/ASF/common/utils/interrupt/interrupt_sam_nvic.o
 .comment       0x00000059       0x5a src/ASF/sam0/drivers/port/port.o
 .comment       0x00000059       0x5a src/ASF/sam0/drivers/sercom/sercom.o
 .comment       0x00000059       0x5a src/ASF/sam0/drivers/sercom/sercom_interrupt.o
 .comment       0x00000059       0x5a src/ASF/sam0/drivers/sercom/spi/spi.o
 .comment       0x00000059       0x5a src/ASF/sam0/drivers/sercom/spi/spi_interrupt.o
 .comment       0x00000059       0x5a src/ASF/sam0/drivers/sercom/usart/usart.o
 .comment       0x00000059       0x5a src/ASF/sam0/drivers/sercom/usart/usart_interrupt.o
 .comment       0x00000059       0x5a src/ASF/sam0/drivers/system/clock/clock_samd21_r21_da_ha1/clock.o
 .comment       0x00000059       0x5a src/ASF/sam0/drivers/system/clock/clock_samd21_r21_da_ha1/gclk.o
 .comment       0x00000059       0x5a src/ASF/sam0/drivers/system/pinmux/pinmux.o
 .comment       0x00000059       0x5a src/ASF/sam0/drivers/system/system.o
 .comment       0x00000059       0x5a src/ASF/sam0/utils/cmsis/samd21/source/gcc/startup_samd21.o
 .comment       0x00000059       0x5a src/ASF/sam0/utils/stdio/read.o
 .comment       0x00000059       0x5a src/ASF/sam0/utils/stdio/write.o
 .comment       0x00000059       0x5a src/ASF/sam0/utils/syscalls/gcc/syscalls.o
 .comment       0x00000059       0x5a src/BootMain.o

.debug_info     0x00000000    0x3c511
 .debug_info    0x00000000      0xb60 src/ASF/common2/services/delay/sam0/systick_counter.o
 .debug_info    0x00000b60     0x2db2 src/Systick/Systick.o
 .debug_info    0x00003912     0x12a7 src/ASF/sam0/boards/board_init.o
 .debug_info    0x00004bb9     0x2471 src/ASF/sam0/drivers/nvm/nvm.o
 .debug_info    0x0000702a      0xd03 src/SerialConsole/circular_buffer.o
 .debug_info    0x00007d2d     0x39a9 src/SerialConsole/SerialConsole.o
 .debug_info    0x0000b6d6     0x3c32 src/ASF/common2/components/memory/sd_mmc/sd_mmc.o
 .debug_info    0x0000f308     0x44c4 src/ASF/common2/components/memory/sd_mmc/sd_mmc_spi.o
 .debug_info    0x000137cc      0xb0c src/ASF/common/utils/interrupt/interrupt_sam_nvic.o
 .debug_info    0x000142d8     0x127c src/ASF/sam0/drivers/port/port.o
 .debug_info    0x00015554     0x2d91 src/ASF/sam0/drivers/sercom/sercom.o
 .debug_info    0x000182e5     0x2b6a src/ASF/sam0/drivers/sercom/sercom_interrupt.o
 .debug_info    0x0001ae4f     0x55cb src/ASF/sam0/drivers/sercom/spi/spi.o
 .debug_info    0x0002041a     0x3098 src/ASF/sam0/drivers/sercom/spi/spi_interrupt.o
 .debug_info    0x000234b2     0x4875 src/ASF/sam0/drivers/sercom/usart/usart.o
 .debug_info    0x00027d27     0x2f5b src/ASF/sam0/drivers/sercom/usart/usart_interrupt.o
 .debug_info    0x0002ac82     0x384e src/ASF/sam0/drivers/system/clock/clock_samd21_r21_da_ha1/clock.o
 .debug_info    0x0002e4d0     0x1d0b src/ASF/sam0/drivers/system/clock/clock_samd21_r21_da_ha1/gclk.o
 .debug_info    0x000301db     0x13be src/ASF/sam0/drivers/system/pinmux/pinmux.o
 .debug_info    0x00031599      0xa74 src/ASF/sam0/drivers/system/system.o
 .debug_info    0x0003200d     0x3a42 src/ASF/sam0/utils/cmsis/samd21/source/gcc/startup_samd21.o
 .debug_info    0x00035a4f      0xabf src/ASF/sam0/utils/stdio/read.o
 .debug_info    0x0003650e      0xac8 src/ASF/sam0/utils/stdio/write.o
 .debug_info    0x00036fd6      0xda1 src/ASF/sam0/utils/syscalls/gcc/syscalls.o
 .debug_info    0x00037d77     0x479a src/BootMain.o

.debug_abbrev   0x00000000     0x4991
 .debug_abbrev  0x00000000      0x22d src/ASF/common2/services/delay/sam0/systick_counter.o
 .debug_abbrev  0x0000022d      0x2f7 src/Systick/Systick.o
 .debug_abbrev  0x00000524      0x2a2 src/ASF/sam0/boards/board_init.o
 .debug_abbrev  0x000007c6      0x36f src/ASF/sam0/drivers/nvm/nvm.o
 .debug_abbrev  0x00000b35      0x211 src/SerialConsole/circular_buffer.o
 .debug_abbrev  0x00000d46      0x3d3 src/SerialConsole/SerialConsole.o
 .debug_abbrev  0x00001119      0x398 src/ASF/common2/components/memory/sd_mmc/sd_mmc.o
 .debug_abbrev  0x000014b1      0x40e src/ASF/common2/components/memory/sd_mmc/sd_mmc_spi.o
 .debug_abbrev  0x000018bf      0x22e src/ASF/common/utils/interrupt/interrupt_sam_nvic.o
 .debug_abbrev  0x00001aed      0x27b src/ASF/sam0/drivers/port/port.o
 .debug_abbrev  0x00001d68      0x30e src/ASF/sam0/drivers/sercom/sercom.o
 .debug_abbrev  0x00002076      0x2bf src/ASF/sam0/drivers/sercom/sercom_interrupt.o
 .debug_abbrev  0x00002335      0x3dd src/ASF/sam0/drivers/sercom/spi/spi.o
 .debug_abbrev  0x00002712      0x33b src/ASF/sam0/drivers/sercom/spi/spi_interrupt.o
 .debug_abbrev  0x00002a4d      0x38f src/ASF/sam0/drivers/sercom/usart/usart.o
 .debug_abbrev  0x00002ddc      0x344 src/ASF/sam0/drivers/sercom/usart/usart_interrupt.o
 .debug_abbrev  0x00003120      0x3ab src/ASF/sam0/drivers/system/clock/clock_samd21_r21_da_ha1/clock.o
 .debug_abbrev  0x000034cb      0x37a src/ASF/sam0/drivers/system/clock/clock_samd21_r21_da_ha1/gclk.o
 .debug_abbrev  0x00003845      0x2d7 src/ASF/sam0/drivers/system/pinmux/pinmux.o
 .debug_abbrev  0x00003b1c      0x1e1 src/ASF/sam0/drivers/system/system.o
 .debug_abbrev  0x00003cfd      0x227 src/ASF/sam0/utils/cmsis/samd21/source/gcc/startup_samd21.o
 .debug_abbrev  0x00003f24      0x1f4 src/ASF/sam0/utils/stdio/read.o
 .debug_abbrev  0x00004118      0x1f4 src/ASF/sam0/utils/stdio/write.o
 .debug_abbrev  0x0000430c      0x22a src/ASF/sam0/utils/syscalls/gcc/syscalls.o
 .debug_abbrev  0x00004536      0x45b src/BootMain.o

.debug_loc      0x00000000     0x4157
 .debug_loc     0x00000000       0xd4 src/ASF/common2/services/delay/sam0/systick_counter.o
 .debug_loc     0x000000d4      0x164 src/Systick/Systick.o
 .debug_loc     0x00000238      0x118 src/ASF/sam0/boards/board_init.o
 .debug_loc     0x00000350      0x332 src/ASF/sam0/drivers/nvm/nvm.o
 .debug_loc     0x00000682      0x2a0 src/SerialConsole/circular_buffer.o
 .debug_loc     0x00000922      0x51e src/SerialConsole/SerialConsole.o
 .debug_loc     0x00000e40      0x98e src/ASF/common2/components/memory/sd_mmc/sd_mmc.o
 .debug_loc     0x000017ce      0x736 src/ASF/common2/components/memory/sd_mmc/sd_mmc_spi.o
 .debug_loc     0x00001f04       0x64 src/ASF/common/utils/interrupt/interrupt_sam_nvic.o
 .debug_loc     0x00001f68       0xa8 src/ASF/sam0/drivers/port/port.o
 .debug_loc     0x00002010      0x18c src/ASF/sam0/drivers/sercom/sercom.o
 .debug_loc     0x0000219c      0x1b0 src/ASF/sam0/drivers/sercom/sercom_interrupt.o
 .debug_loc     0x0000234c      0x5a6 src/ASF/sam0/drivers/sercom/spi/spi.o
 .debug_loc     0x000028f2      0x310 src/ASF/sam0/drivers/sercom/spi/spi_interrupt.o
 .debug_loc     0x00002c02      0x297 src/ASF/sam0/drivers/sercom/usart/usart.o
 .debug_loc     0x00002e99      0x330 src/ASF/sam0/drivers/sercom/usart/usart_interrupt.o
 .debug_loc     0x000031c9      0x51e src/ASF/sam0/drivers/system/clock/clock_samd21_r21_da_ha1/clock.o
 .debug_loc     0x000036e7      0x388 src/ASF/sam0/drivers/system/clock/clock_samd21_r21_da_ha1/gclk.o
 .debug_loc     0x00003a6f      0x150 src/ASF/sam0/drivers/system/pinmux/pinmux.o
 .debug_loc     0x00003bbf       0x58 src/ASF/sam0/drivers/system/system.o
 .debug_loc     0x00003c17       0x64 src/ASF/sam0/utils/cmsis/samd21/source/gcc/startup_samd21.o
 .debug_loc     0x00003c7b       0x38 src/ASF/sam0/utils/stdio/read.o
 .debug_loc     0x00003cb3       0x38 src/ASF/sam0/utils/stdio/write.o
 .debug_loc     0x00003ceb      0x1ec src/ASF/sam0/utils/syscalls/gcc/syscalls.o
 .debug_loc     0x00003ed7      0x280 src/BootMain.o

.debug_aranges  0x00000000      0xc00
 .debug_aranges
                0x00000000       0x38 src/ASF/common2/services/delay/sam0/systick_counter.o
 .debug_aranges
                0x00000038       0x50 src/Systick/Systick.o
 .debug_aranges
                0x00000088       0x40 src/ASF/sam0/boards/board_init.o
 .debug_aranges
                0x000000c8       0x90 src/ASF/sam0/drivers/nvm/nvm.o
 .debug_aranges
                0x00000158       0x78 src/SerialConsole/circular_buffer.o
 .debug_aranges
                0x000001d0       0xd8 src/SerialConsole/SerialConsole.o
 .debug_aranges
                0x000002a8      0x188 src/ASF/common2/components/memory/sd_mmc/sd_mmc.o
 .debug_aranges
                0x00000430      0x128 src/ASF/common2/components/memory/sd_mmc/sd_mmc_spi.o
 .debug_aranges
                0x00000558       0x28 src/ASF/common/utils/interrupt/interrupt_sam_nvic.o
 .debug_aranges
                0x00000580       0x30 src/ASF/sam0/drivers/port/port.o
 .debug_aranges
                0x000005b0       0x50 src/ASF/sam0/drivers/sercom/sercom.o
 .debug_aranges
                0x00000600       0x60 src/ASF/sam0/drivers/sercom/sercom_interrupt.o
 .debug_aranges
                0x00000660       0xe8 src/ASF/sam0/drivers/sercom/spi/spi.o
 .debug_aranges
                0x00000748       0x88 src/ASF/sam0/drivers/sercom/spi/spi_interrupt.o
 .debug_aranges
                0x000007d0       0x78 src/ASF/sam0/drivers/sercom/usart/usart.o
 .debug_aranges
                0x00000848       0x90 src/ASF/sam0/drivers/sercom/usart/usart_interrupt.o
 .debug_aranges
                0x000008d8       0xd8 src/ASF/sam0/drivers/system/clock/clock_samd21_r21_da_ha1/clock.o
 .debug_aranges
                0x000009b0       0xa0 src/ASF/sam0/drivers/system/clock/clock_samd21_r21_da_ha1/gclk.o
 .debug_aranges
                0x00000a50       0x48 src/ASF/sam0/drivers/system/pinmux/pinmux.o
 .debug_aranges
                0x00000a98       0x28 src/ASF/sam0/drivers/system/system.o
 .debug_aranges
                0x00000ac0       0x28 src/ASF/sam0/utils/cmsis/samd21/source/gcc/startup_samd21.o
 .debug_aranges
                0x00000ae8       0x20 src/ASF/sam0/utils/stdio/read.o
 .debug_aranges
                0x00000b08       0x20 src/ASF/sam0/utils/stdio/write.o
 .debug_aranges
                0x00000b28       0x60 src/ASF/sam0/utils/syscalls/gcc/syscalls.o
 .debug_aranges
                0x00000b88       0x78 src/BootMain.o

.debug_ranges   0x00000000      0xa70
 .debug_ranges  0x00000000       0x28 src/ASF/common2/services/delay/sam0/systick_counter.o
 .debug_ranges  0x00000028       0x40 src/Systick/Systick.o
 .debug_ranges  0x00000068       0x30 src/ASF/sam0/boards/board_init.o
 .debug_ranges  0x00000098       0x80 src/ASF/sam0/drivers/nvm/nvm.o
 .debug_ranges  0x00000118       0x68 src/SerialConsole/circular_buffer.o
 .debug_ranges  0x00000180       0xc8 src/SerialConsole/SerialConsole.o
 .debug_ranges  0x00000248      0x178 src/ASF/common2/components/memory/sd_mmc/sd_mmc.o
 .debug_ranges  0x000003c0      0x118 src/ASF/common2/components/memory/sd_mmc/sd_mmc_spi.o
 .debug_ranges  0x000004d8       0x18 src/ASF/common/utils/interrupt/interrupt_sam_nvic.o
 .debug_ranges  0x000004f0       0x20 src/ASF/sam0/drivers/port/port.o
 .debug_ranges  0x00000510       0x40 src/ASF/sam0/drivers/sercom/sercom.o
 .debug_ranges  0x00000550       0x50 src/ASF/sam0/drivers/sercom/sercom_interrupt.o
 .debug_ranges  0x000005a0       0xd8 src/ASF/sam0/drivers/sercom/spi/spi.o
 .debug_ranges  0x00000678       0x78 src/ASF/sam0/drivers/sercom/spi/spi_interrupt.o
 .debug_ranges  0x000006f0       0x68 src/ASF/sam0/drivers/sercom/usart/usart.o
 .debug_ranges  0x00000758       0x80 src/ASF/sam0/drivers/sercom/usart/usart_interrupt.o
 .debug_ranges  0x000007d8       0xc8 src/ASF/sam0/drivers/system/clock/clock_samd21_r21_da_ha1/clock.o
 .debug_ranges  0x000008a0       0x90 src/ASF/sam0/drivers/system/clock/clock_samd21_r21_da_ha1/gclk.o
 .debug_ranges  0x00000930       0x38 src/ASF/sam0/drivers/system/pinmux/pinmux.o
 .debug_ranges  0x00000968       0x18 src/ASF/sam0/drivers/system/system.o
 .debug_ranges  0x00000980       0x18 src/ASF/sam0/utils/cmsis/samd21/source/gcc/startup_samd21.o
 .debug_ranges  0x00000998       0x10 src/ASF/sam0/utils/stdio/read.o
 .debug_ranges  0x000009a8       0x10 src/ASF/sam0/utils/stdio/write.o
 .debug_ranges  0x000009b8       0x50 src/ASF/sam0/utils/syscalls/gcc/syscalls.o
 .debug_ranges  0x00000a08       0x68 src/BootMain.o

.debug_macro    0x00000000    0x1d6eb
 .debug_macro   0x00000000      0x539 src/ASF/common2/services/delay/sam0/systick_counter.o
 .debug_macro   0x00000539      0x8d4 src/ASF/common2/services/delay/sam0/systick_counter.o
 .debug_macro   0x00000e0d      0x16d src/ASF/common2/services/delay/sam0/systick_counter.o
 .debug_macro   0x00000f7a      0x6d7 src/ASF/common2/services/delay/sam0/systick_counter.o
 .debug_macro   0x00001651       0x22 src/ASF/common2/services/delay/sam0/systick_counter.o
 .debug_macro   0x00001673       0x87 src/ASF/common2/services/delay/sam0/systick_counter.o
 .debug_macro   0x000016fa       0x51 src/ASF/common2/services/delay/sam0/systick_counter.o
 .debug_macro   0x0000174b       0xef src/ASF/common2/services/delay/sam0/systick_counter.o
 .debug_macro   0x0000183a       0x6a src/ASF/common2/services/delay/sam0/systick_counter.o
 .debug_macro   0x000018a4      0x1df src/ASF/common2/services/delay/sam0/systick_counter.o
 .debug_macro   0x00001a83       0x10 src/ASF/common2/services/delay/sam0/systick_counter.o
 .debug_macro   0x00001a93       0x76 src/ASF/common2/services/delay/sam0/systick_counter.o
 .debug_macro   0x00001b09       0x16 src/ASF/common2/services/delay/sam0/systick_counter.o
 .debug_macro   0x00001b1f      0x6db src/ASF/common2/services/delay/sam0/systick_counter.o
 .debug_macro   0x000021fa      0xdd8 src/ASF/common2/services/delay/sam0/systick_counter.o
 .debug_macro   0x00002fd2       0x22 src/ASF/common2/services/delay/sam0/systick_counter.o
 .debug_macro   0x00002ff4       0x40 src/ASF/common2/services/delay/sam0/systick_counter.o
 .debug_macro   0x00003034       0x3a src/ASF/common2/services/delay/sam0/systick_counter.o
 .debug_macro   0x0000306e       0x1f src/ASF/common2/services/delay/sam0/systick_counter.o
 .debug_macro   0x0000308d      0x250 src/ASF/common2/services/delay/sam0/systick_counter.o
 .debug_macro   0x000032dd      0x681 src/ASF/common2/services/delay/sam0/systick_counter.o
 .debug_macro   0x0000395e      0x8b5 src/ASF/common2/services/delay/sam0/systick_counter.o
 .debug_macro   0x00004213      0x230 src/ASF/common2/services/delay/sam0/systick_counter.o
 .debug_macro   0x00004443      0xd60 src/ASF/common2/services/delay/sam0/systick_counter.o
 .debug_macro   0x000051a3      0x4cb src/ASF/common2/services/delay/sam0/systick_counter.o
 .debug_macro   0x0000566e      0x9f8 src/ASF/common2/services/delay/sam0/systick_counter.o
 .debug_macro   0x00006066      0x82b src/ASF/common2/services/delay/sam0/systick_counter.o
 .debug_macro   0x00006891      0x455 src/ASF/common2/services/delay/sam0/systick_counter.o
 .debug_macro   0x00006ce6       0x5e src/ASF/common2/services/delay/sam0/systick_counter.o
 .debug_macro   0x00006d44      0x8fd src/ASF/common2/services/delay/sam0/systick_counter.o
 .debug_macro   0x00007641      0x21c src/ASF/common2/services/delay/sam0/systick_counter.o
 .debug_macro   0x0000785d      0x95b src/ASF/common2/services/delay/sam0/systick_counter.o
 .debug_macro   0x000081b8       0x5e src/ASF/common2/services/delay/sam0/systick_counter.o
 .debug_macro   0x00008216      0x667 src/ASF/common2/services/delay/sam0/systick_counter.o
 .debug_macro   0x0000887d      0x3af src/ASF/common2/services/delay/sam0/systick_counter.o
 .debug_macro   0x00008c2c      0xc7a src/ASF/common2/services/delay/sam0/systick_counter.o
 .debug_macro   0x000098a6     0x1092 src/ASF/common2/services/delay/sam0/systick_counter.o
 .debug_macro   0x0000a938      0xc4a src/ASF/common2/services/delay/sam0/systick_counter.o
 .debug_macro   0x0000b582      0x6ba src/ASF/common2/services/delay/sam0/systick_counter.o
 .debug_macro   0x0000bc3c     0x1bbf src/ASF/common2/services/delay/sam0/systick_counter.o
 .debug_macro   0x0000d7fb     0x1440 src/ASF/common2/services/delay/sam0/systick_counter.o
 .debug_macro   0x0000ec3b      0x344 src/ASF/common2/services/delay/sam0/systick_counter.o
 .debug_macro   0x0000ef7f       0x7c src/ASF/common2/services/delay/sam0/systick_counter.o
 .debug_macro   0x0000effb       0xa0 src/ASF/common2/services/delay/sam0/systick_counter.o
 .debug_macro   0x0000f09b       0x4c src/ASF/common2/services/delay/sam0/systick_counter.o
 .debug_macro   0x0000f0e7       0xca src/ASF/common2/services/delay/sam0/systick_counter.o
 .debug_macro   0x0000f1b1       0x94 src/ASF/common2/services/delay/sam0/systick_counter.o
 .debug_macro   0x0000f245       0x58 src/ASF/common2/services/delay/sam0/systick_counter.o
 .debug_macro   0x0000f29d      0x37d src/ASF/common2/services/delay/sam0/systick_counter.o
 .debug_macro   0x0000f61a       0x82 src/ASF/common2/services/delay/sam0/systick_counter.o
 .debug_macro   0x0000f69c      0x18d src/ASF/common2/services/delay/sam0/systick_counter.o
 .debug_macro   0x0000f829       0xb8 src/ASF/common2/services/delay/sam0/systick_counter.o
 .debug_macro   0x0000f8e1       0xa0 src/ASF/common2/services/delay/sam0/systick_counter.o
 .debug_macro   0x0000f981       0xb8 src/ASF/common2/services/delay/sam0/systick_counter.o
 .debug_macro   0x0000fa39       0x1c src/ASF/common2/services/delay/sam0/systick_counter.o
 .debug_macro   0x0000fa55       0x1c src/ASF/common2/services/delay/sam0/systick_counter.o
 .debug_macro   0x0000fa71       0x1c src/ASF/common2/services/delay/sam0/systick_counter.o
 .debug_macro   0x0000fa8d       0x82 src/ASF/common2/services/delay/sam0/systick_counter.o
 .debug_macro   0x0000fb0f      0x15a src/ASF/common2/services/delay/sam0/systick_counter.o
 .debug_macro   0x0000fc69       0xdc src/ASF/common2/services/delay/sam0/systick_counter.o
 .debug_macro   0x0000fd45      0x128 src/ASF/common2/services/delay/sam0/systick_counter.o
 .debug_macro   0x0000fe6d      0x128 src/ASF/common2/services/delay/sam0/systick_counter.o
 .debug_macro   0x0000ff95      0x128 src/ASF/common2/services/delay/sam0/systick_counter.o
 .debug_macro   0x000100bd      0x128 src/ASF/common2/services/delay/sam0/systick_counter.o
 .debug_macro   0x000101e5      0x128 src/ASF/common2/services/delay/sam0/systick_counter.o
 .debug_macro   0x0001030d      0x128 src/ASF/common2/services/delay/sam0/systick_counter.o
 .debug_macro   0x00010435      0x124 src/ASF/common2/services/delay/sam0/systick_counter.o
 .debug_macro   0x00010559       0xe2 src/ASF/common2/services/delay/sam0/systick_counter.o
 .debug_macro   0x0001063b       0xe2 src/ASF/common2/services/delay/sam0/systick_counter.o
 .debug_macro   0x0001071d       0xe2 src/ASF/common2/services/delay/sam0/systick_counter.o
 .debug_macro   0x000107ff      0x130 src/ASF/common2/services/delay/sam0/systick_counter.o
 .debug_macro   0x0001092f      0x106 src/ASF/common2/services/delay/sam0/systick_counter.o
 .debug_macro   0x00010a35       0xfa src/ASF/common2/services/delay/sam0/systick_counter.o
 .debug_macro   0x00010b2f      0x40f src/ASF/common2/services/delay/sam0/systick_counter.o
 .debug_macro   0x00010f3e       0x40 src/ASF/common2/services/delay/sam0/systick_counter.o
 .debug_macro   0x00010f7e      0x361 src/ASF/common2/services/delay/sam0/systick_counter.o
 .debug_macro   0x000112df     0x16e3 src/ASF/common2/services/delay/sam0/systick_counter.o
 .debug_macro   0x000129c2       0x6d src/ASF/common2/services/delay/sam0/systick_counter.o
 .debug_macro   0x00012a2f       0x58 src/ASF/common2/services/delay/sam0/systick_counter.o
 .debug_macro   0x00012a87       0x35 src/ASF/common2/services/delay/sam0/systick_counter.o
 .debug_macro   0x00012abc       0x9c src/ASF/common2/services/delay/sam0/systick_counter.o
 .debug_macro   0x00012b58       0x16 src/ASF/common2/services/delay/sam0/systick_counter.o
 .debug_macro   0x00012b6e       0x35 src/ASF/common2/services/delay/sam0/systick_counter.o
 .debug_macro   0x00012ba3      0x353 src/ASF/common2/services/delay/sam0/systick_counter.o
 .debug_macro   0x00012ef6       0x10 src/ASF/common2/services/delay/sam0/systick_counter.o
 .debug_macro   0x00012f06       0x58 src/ASF/common2/services/delay/sam0/systick_counter.o
 .debug_macro   0x00012f5e       0x1f src/ASF/common2/services/delay/sam0/systick_counter.o
 .debug_macro   0x00012f7d       0x43 src/ASF/common2/services/delay/sam0/systick_counter.o
 .debug_macro   0x00012fc0       0x20 src/ASF/common2/services/delay/sam0/systick_counter.o
 .debug_macro   0x00012fe0      0x187 src/ASF/common2/services/delay/sam0/systick_counter.o
 .debug_macro   0x00013167       0x10 src/ASF/common2/services/delay/sam0/systick_counter.o
 .debug_macro   0x00013177       0x1c src/ASF/common2/services/delay/sam0/systick_counter.o
 .debug_macro   0x00013193       0x52 src/ASF/common2/services/delay/sam0/systick_counter.o
 .debug_macro   0x000131e5       0x40 src/ASF/common2/services/delay/sam0/systick_counter.o
 .debug_macro   0x00013225       0x10 src/ASF/common2/services/delay/sam0/systick_counter.o
 .debug_macro   0x00013235       0x40 src/ASF/common2/services/delay/sam0/systick_counter.o
 .debug_macro   0x00013275       0xd7 src/ASF/common2/services/delay/sam0/systick_counter.o
 .debug_macro   0x0001334c       0x16 src/ASF/common2/services/delay/sam0/systick_counter.o
 .debug_macro   0x00013362      0x18b src/ASF/common2/services/delay/sam0/systick_counter.o
 .debug_macro   0x000134ed       0x16 src/ASF/common2/services/delay/sam0/systick_counter.o
 .debug_macro   0x00013503       0x16 src/ASF/common2/services/delay/sam0/systick_counter.o
 .debug_macro   0x00013519       0x29 src/ASF/common2/services/delay/sam0/systick_counter.o
 .debug_macro   0x00013542       0x51 src/ASF/common2/services/delay/sam0/systick_counter.o
 .debug_macro   0x00013593       0x3e src/ASF/common2/services/delay/sam0/systick_counter.o
 .debug_macro   0x000135d1      0x3df src/ASF/common2/services/delay/sam0/systick_counter.o
 .debug_macro   0x000139b0       0x11 src/ASF/common2/services/delay/sam0/systick_counter.o
 .debug_macro   0x000139c1       0x16 src/ASF/common2/services/delay/sam0/systick_counter.o
 .debug_macro   0x000139d7       0x16 src/ASF/common2/services/delay/sam0/systick_counter.o
 .debug_macro   0x000139ed      0x75a src/Systick/Systick.o
 .debug_macro   0x00014147       0x10 src/Systick/Systick.o
 .debug_macro   0x00014157       0x82 src/Systick/Systick.o
 .debug_macro   0x000141d9       0x9b src/Systick/Systick.o
 .debug_macro   0x00014274       0xe7 src/Systick/Systick.o
 .debug_macro   0x0001435b      0x2c3 src/Systick/Systick.o
 .debug_macro   0x0001461e      0x6ce src/Systick/Systick.o
 .debug_macro   0x00014cec      0x1bf src/Systick/Systick.o
 .debug_macro   0x00014eab       0x46 src/Systick/Systick.o
 .debug_macro   0x00014ef1       0x11 src/Systick/Systick.o
 .debug_macro   0x00014f02       0x18 src/Systick/Systick.o
 .debug_macro   0x00014f1a       0x16 src/Systick/Systick.o
 .debug_macro   0x00014f30       0x18 src/Systick/Systick.o
 .debug_macro   0x00014f48      0x298 src/Systick/Systick.o
 .debug_macro   0x000151e0       0x52 src/Systick/Systick.o
 .debug_macro   0x00015232       0x9a src/Systick/Systick.o
 .debug_macro   0x000152cc       0x2e src/Systick/Systick.o
 .debug_macro   0x000152fa       0xb2 src/Systick/Systick.o
 .debug_macro   0x000153ac       0x10 src/Systick/Systick.o
 .debug_macro   0x000153bc       0x2d src/Systick/Systick.o
 .debug_macro   0x000153e9       0x16 src/Systick/Systick.o
 .debug_macro   0x000153ff       0x16 src/Systick/Systick.o
 .debug_macro   0x00015415       0x2e src/Systick/Systick.o
 .debug_macro   0x00015443       0x49 src/Systick/Systick.o
 .debug_macro   0x0001548c      0x53a src/ASF/sam0/boards/board_init.o
 .debug_macro   0x000159c6       0x12 src/ASF/sam0/boards/board_init.o
 .debug_macro   0x000159d8      0x599 src/ASF/sam0/drivers/nvm/nvm.o
 .debug_macro   0x00015f71      0x142 src/SerialConsole/circular_buffer.o
 .debug_macro   0x000160b3       0x52 src/SerialConsole/circular_buffer.o
 .debug_macro   0x00016105       0x8d src/SerialConsole/circular_buffer.o
 .debug_macro   0x00016192      0x10e src/SerialConsole/circular_buffer.o
 .debug_macro   0x000162a0       0x86 src/SerialConsole/circular_buffer.o
 .debug_macro   0x00016326       0x57 src/SerialConsole/circular_buffer.o
 .debug_macro   0x0001637d       0x16 src/SerialConsole/circular_buffer.o
 .debug_macro   0x00016393      0x783 src/SerialConsole/SerialConsole.o
 .debug_macro   0x00016b16       0x4c src/SerialConsole/SerialConsole.o
 .debug_macro   0x00016b62      0x813 src/ASF/common2/components/memory/sd_mmc/sd_mmc.o
 .debug_macro   0x00017375       0x52 src/ASF/common2/components/memory/sd_mmc/sd_mmc.o
 .debug_macro   0x000173c7      0x772 src/ASF/common2/components/memory/sd_mmc/sd_mmc_spi.o
 .debug_macro   0x00017b39      0x4fe src/ASF/common/utils/interrupt/interrupt_sam_nvic.o
 .debug_macro   0x00018037      0x518 src/ASF/sam0/drivers/port/port.o
 .debug_macro   0x0001854f      0x58b src/ASF/sam0/drivers/sercom/sercom.o
 .debug_macro   0x00018ada      0x588 src/ASF/sam0/drivers/sercom/sercom_interrupt.o
 .debug_macro   0x00019062      0x5cf src/ASF/sam0/drivers/sercom/spi/spi.o
 .debug_macro   0x00019631       0x35 src/ASF/sam0/drivers/sercom/spi/spi.o
 .debug_macro   0x00019666      0x5d9 src/ASF/sam0/drivers/sercom/spi/spi_interrupt.o
 .debug_macro   0x00019c3f      0x59c src/ASF/sam0/drivers/sercom/usart/usart.o
 .debug_macro   0x0001a1db       0x51 src/ASF/sam0/drivers/sercom/usart/usart.o
 .debug_macro   0x0001a22c      0x59c src/ASF/sam0/drivers/sercom/usart/usart_interrupt.o
 .debug_macro   0x0001a7c8      0x57d src/ASF/sam0/drivers/system/clock/clock_samd21_r21_da_ha1/clock.o
 .debug_macro   0x0001ad45      0x534 src/ASF/sam0/drivers/system/clock/clock_samd21_r21_da_ha1/gclk.o
 .debug_macro   0x0001b279      0x50e src/ASF/sam0/drivers/system/pinmux/pinmux.o
 .debug_macro   0x0001b787       0x12 src/ASF/sam0/drivers/system/pinmux/pinmux.o
 .debug_macro   0x0001b799      0x541 src/ASF/sam0/drivers/system/system.o
 .debug_macro   0x0001bcda      0x2e5 src/ASF/sam0/utils/cmsis/samd21/source/gcc/startup_samd21.o
 .debug_macro   0x0001bfbf       0x3a src/ASF/sam0/utils/cmsis/samd21/source/gcc/startup_samd21.o
 .debug_macro   0x0001bff9      0x4fe src/ASF/sam0/utils/stdio/read.o
 .debug_macro   0x0001c4f7      0x4fe src/ASF/sam0/utils/stdio/write.o
 .debug_macro   0x0001c9f5      0x1d6 src/ASF/sam0/utils/syscalls/gcc/syscalls.o
 .debug_macro   0x0001cbcb       0x97 src/ASF/sam0/utils/syscalls/gcc/syscalls.o
 .debug_macro   0x0001cc62       0xf6 src/ASF/sam0/utils/syscalls/gcc/syscalls.o
 .debug_macro   0x0001cd58       0x16 src/ASF/sam0/utils/syscalls/gcc/syscalls.o
 .debug_macro   0x0001cd6e       0x10 src/ASF/sam0/utils/syscalls/gcc/syscalls.o
 .debug_macro   0x0001cd7e       0x10 src/ASF/sam0/utils/syscalls/gcc/syscalls.o
 .debug_macro   0x0001cd8e       0x35 src/ASF/sam0/utils/syscalls/gcc/syscalls.o
 .debug_macro   0x0001cdc3      0x122 src/ASF/sam0/utils/syscalls/gcc/syscalls.o
 .debug_macro   0x0001cee5      0x7d2 src/BootMain.o
 .debug_macro   0x0001d6b7       0x34 src/BootMain.o

.debug_line     0x00000000    0x129d8
 .debug_line    0x00000000      0x9b5 src/ASF/common2/services/delay/sam0/systick_counter.o
 .debug_line    0x000009b5     0x1010 src/Systick/Systick.o
 .debug_line    0x000019c5      0x9cd src/ASF/sam0/boards/board_init.o
 .debug_line    0x00002392      0xda1 src/ASF/sam0/drivers/nvm/nvm.o
 .debug_line    0x00003133      0x41e src/SerialConsole/circular_buffer.o
 .debug_line    0x00003551     0x11fd src/SerialConsole/SerialConsole.o
 .debug_line    0x0000474e     0x154c src/ASF/common2/components/memory/sd_mmc/sd_mmc.o
 .debug_line    0x00005c9a     0x1374 src/ASF/common2/components/memory/sd_mmc/sd_mmc_spi.o
 .debug_line    0x0000700e      0x8c6 src/ASF/common/utils/interrupt/interrupt_sam_nvic.o
 .debug_line    0x000078d4      0x8f9 src/ASF/sam0/drivers/port/port.o
 .debug_line    0x000081cd      0xc12 src/ASF/sam0/drivers/sercom/sercom.o
 .debug_line    0x00008ddf      0xb75 src/ASF/sam0/drivers/sercom/sercom_interrupt.o
 .debug_line    0x00009954      0xf15 src/ASF/sam0/drivers/sercom/spi/spi.o
 .debug_line    0x0000a869      0xd1a src/ASF/sam0/drivers/sercom/spi/spi_interrupt.o
 .debug_line    0x0000b583      0xd53 src/ASF/sam0/drivers/sercom/usart/usart.o
 .debug_line    0x0000c2d6      0xcbd src/ASF/sam0/drivers/sercom/usart/usart_interrupt.o
 .debug_line    0x0000cf93      0xd2d src/ASF/sam0/drivers/system/clock/clock_samd21_r21_da_ha1/clock.o
 .debug_line    0x0000dcc0      0xb9d src/ASF/sam0/drivers/system/clock/clock_samd21_r21_da_ha1/gclk.o
 .debug_line    0x0000e85d      0x96b src/ASF/sam0/drivers/system/pinmux/pinmux.o
 .debug_line    0x0000f1c8      0x9ea src/ASF/sam0/drivers/system/system.o
 .debug_line    0x0000fbb2      0x650 src/ASF/sam0/utils/cmsis/samd21/source/gcc/startup_samd21.o
 .debug_line    0x00010202      0x8a6 src/ASF/sam0/utils/stdio/read.o
 .debug_line    0x00010aa8      0x8a3 src/ASF/sam0/utils/stdio/write.o
 .debug_line    0x0001134b      0x414 src/ASF/sam0/utils/syscalls/gcc/syscalls.o
 .debug_line    0x0001175f     0x1279 src/BootMain.o

.debug_str      0x00000000    0x92388
 .debug_str     0x00000000    0x7f7bb src/ASF/common2/services/delay/sam0/systick_counter.o
                              0x800a1 (size before relaxing)
 .debug_str     0x0007f7bb     0x65d6 src/Systick/Systick.o
                              0x86637 (size before relaxing)
 .debug_str     0x00085d91      0x30b src/ASF/sam0/boards/board_init.o
                              0x829dd (size before relaxing)
 .debug_str     0x0008609c     0x1224 src/ASF/sam0/drivers/nvm/nvm.o
                              0x81647 (size before relaxing)
 .debug_str     0x000872c0      0x1d5 src/SerialConsole/circular_buffer.o
                               0x67cd (size before relaxing)
 .debug_str     0x00087495      0xf61 src/SerialConsole/SerialConsole.o
                              0x878b3 (size before relaxing)
 .debug_str     0x000883f6     0x5369 src/ASF/common2/components/memory/sd_mmc/sd_mmc.o
                              0x8b8c6 (size before relaxing)
 .debug_str     0x0008d75f      0x7b4 src/ASF/common2/components/memory/sd_mmc/sd_mmc_spi.o
                              0x8c1ae (size before relaxing)
 .debug_str     0x0008df13       0x66 src/ASF/common/utils/interrupt/interrupt_sam_nvic.o
                              0x7fe91 (size before relaxing)
 .debug_str     0x0008df79       0xaa src/ASF/sam0/drivers/port/port.o
                              0x802bd (size before relaxing)
 .debug_str     0x0008e023      0x41f src/ASF/sam0/drivers/sercom/sercom.o
                              0x81572 (size before relaxing)
 .debug_str     0x0008e442      0x17b src/ASF/sam0/drivers/sercom/sercom_interrupt.o
                              0x813d5 (size before relaxing)
 .debug_str     0x0008e5bd      0x3fc src/ASF/sam0/drivers/sercom/spi/spi.o
                              0x82864 (size before relaxing)
 .debug_str     0x0008e9b9      0x244 src/ASF/sam0/drivers/sercom/spi/spi_interrupt.o
                              0x81820 (size before relaxing)
 .debug_str     0x0008ebfd       0x6e src/ASF/sam0/drivers/sercom/usart/usart.o
                              0x8233d (size before relaxing)
 .debug_str     0x0008ec6b       0xd0 src/ASF/sam0/drivers/sercom/usart/usart_interrupt.o
                              0x81583 (size before relaxing)
 .debug_str     0x0008ed3b     0x1673 src/ASF/sam0/drivers/system/clock/clock_samd21_r21_da_ha1/clock.o
                              0x8311e (size before relaxing)
 .debug_str     0x000903ae      0x1e3 src/ASF/sam0/drivers/system/clock/clock_samd21_r21_da_ha1/gclk.o
                              0x80b54 (size before relaxing)
 .debug_str     0x00090591      0x179 src/ASF/sam0/drivers/system/pinmux/pinmux.o
                              0x80348 (size before relaxing)
 .debug_str     0x0009070a       0x47 src/ASF/sam0/drivers/system/system.o
                              0x7ff83 (size before relaxing)
 .debug_str     0x00090751      0xef2 src/ASF/sam0/utils/cmsis/samd21/source/gcc/startup_samd21.o
                              0x6b38c (size before relaxing)
 .debug_str     0x00091643       0x2a src/ASF/sam0/utils/stdio/read.o
                              0x7fe4d (size before relaxing)
 .debug_str     0x0009166d       0x24 src/ASF/sam0/utils/stdio/write.o
                              0x7fe4e (size before relaxing)
 .debug_str     0x00091691      0x68d src/ASF/sam0/utils/syscalls/gcc/syscalls.o
                               0x7448 (size before relaxing)
 .debug_str     0x00091d1e      0x66a src/BootMain.o
                              0x8c004 (size before relaxing)

.debug_frame    0x00000000     0x2d78
 .debug_frame   0x00000000       0x8c src/ASF/common2/services/delay/sam0/systick_counter.o
 .debug_frame   0x0000008c       0xe8 src/Systick/Systick.o
 .debug_frame   0x00000174       0xb0 src/ASF/sam0/boards/board_init.o
 .debug_frame   0x00000224      0x1e8 src/ASF/sam0/drivers/nvm/nvm.o
 .debug_frame   0x0000040c      0x190 src/SerialConsole/circular_buffer.o
 .debug_frame   0x0000059c      0x300 src/SerialConsole/SerialConsole.o
 .debug_frame   0x0000089c      0x5b0 src/ASF/common2/components/memory/sd_mmc/sd_mmc.o
 .debug_frame   0x00000e4c      0x43c src/ASF/common2/components/memory/sd_mmc/sd_mmc_spi.o
 .debug_frame   0x00001288       0x4c src/ASF/common/utils/interrupt/interrupt_sam_nvic.o
 .debug_frame   0x000012d4       0x70 src/ASF/sam0/drivers/port/port.o
 .debug_frame   0x00001344       0xf8 src/ASF/sam0/drivers/sercom/sercom.o
 .debug_frame   0x0000143c      0x118 src/ASF/sam0/drivers/sercom/sercom_interrupt.o
 .debug_frame   0x00001554      0x34c src/ASF/sam0/drivers/sercom/spi/spi.o
 .debug_frame   0x000018a0      0x1d0 src/ASF/sam0/drivers/sercom/spi/spi_interrupt.o
 .debug_frame   0x00001a70      0x190 src/ASF/sam0/drivers/sercom/usart/usart.o
 .debug_frame   0x00001c00      0x1e8 src/ASF/sam0/drivers/sercom/usart/usart_interrupt.o
 .debug_frame   0x00001de8      0x304 src/ASF/sam0/drivers/system/clock/clock_samd21_r21_da_ha1/clock.o
 .debug_frame   0x000020ec      0x220 src/ASF/sam0/drivers/system/clock/clock_samd21_r21_da_ha1/gclk.o
 .debug_frame   0x0000230c       0xd0 src/ASF/sam0/drivers/system/pinmux/pinmux.o
 .debug_frame   0x000023dc       0x48 src/ASF/sam0/drivers/system/system.o
 .debug_frame   0x00002424       0x4c src/ASF/sam0/utils/cmsis/samd21/source/gcc/startup_samd21.o
 .debug_frame   0x00002470       0x30 src/ASF/sam0/utils/stdio/read.o
 .debug_frame   0x000024a0       0x30 src/ASF/sam0/utils/stdio/write.o
 .debug_frame   0x000024d0      0x12c src/ASF/sam0/utils/syscalls/gcc/syscalls.o
 .debug_frame   0x000025fc      0x188 src/BootMain.o
 .debug_frame   0x00002784       0x20 c:/program files (x86)/atmel/studio/7.0/toolchain/arm/arm-gnu-toolchain/bin/../lib/gcc/arm-none-eabi/6.3.1/thumb/v6-m\libgcc.a(_udivsi3.o)
 .debug_frame   0x000027a4       0x34 c:/program files (x86)/atmel/studio/7.0/toolchain/arm/arm-gnu-toolchain/bin/../lib/gcc/arm-none-eabi/6.3.1/thumb/v6-m\libgcc.a(_muldi3.o)
 .debug_frame   0x000027d8       0x2c c:/program files (x86)/atmel/studio/7.0/toolchain/arm/arm-gnu-toolchain/bin/../lib/gcc/arm-none-eabi/6.3.1/../../../../arm-none-eabi/lib/thumb/v6-m\libc_nano.a(lib_a-init.o)
 .debug_frame   0x00002804       0x40 c:/program files (x86)/atmel/studio/7.0/toolchain/arm/arm-gnu-toolchain/bin/../lib/gcc/arm-none-eabi/6.3.1/../../../../arm-none-eabi/lib/thumb/v6-m\libc_nano.a(lib_a-malloc.o)
 .debug_frame   0x00002844       0x20 c:/program files (x86)/atmel/studio/7.0/toolchain/arm/arm-gnu-toolchain/bin/../lib/gcc/arm-none-eabi/6.3.1/../../../../arm-none-eabi/lib/thumb/v6-m\libc_nano.a(lib_a-memset.o)